<html>
<body>
<pre>
<h1>µVision Build Log</h1>
<h2>Tool Versions:</h2>
IDE-Version: ¦ÌVision V5.25.2.0
Copyright (C) 2018 ARM Ltd and ARM Germany GmbH. All rights reserved.
License Information: e 3461276061@qq.com, 4, LIC=0VRJ7-E3NLY-PH689-48KHM-CSL43-48YMZ
 
Tool Versions:
Toolchain:       MDK-ARM Professional  Version: 5.25.2.0
Toolchain Path:  D:\keil\keil\ARM\ARMCC\Bin
C Compiler:      Armcc.exe V5.06 update 6 (build 750)
Assembler:       Armasm.exe V5.06 update 6 (build 750)
Linker/Locator:  ArmLink.exe V5.06 update 6 (build 750)
Library Manager: ArmAr.exe V5.06 update 6 (build 750)
Hex Converter:   FromElf.exe V5.06 update 6 (build 750)
CPU DLL:         SARMCM3.DLL V5.25.2.0
Dialog DLL:      DCM.DLL V1.17.1.0
Target DLL:      STLink\ST-LINKIII-KEIL_SWO.dll V3.0.1.0
Dialog DLL:      TCM.DLL V1.35.1.0
 
<h2>Project:</h2>
C:\Users\34612\Desktop\³ÌÐò\d_send\MDK-ARM\Project.uvprojx
Project File Date:  03/22/2022

<h2>Output:</h2>
*** Using Compiler 'V5.06 update 6 (build 750)', folder: 'D:\keil\keil\ARM\ARMCC\Bin'
Rebuild target 'DW1000'
compiling stm32f10x_cec.c...
compiling stm32f10x_dac.c...
compiling misc.c...
compiling stm32f10x_flash.c...
compiling stm32f10x_bkp.c...
compiling stm32f10x_exti.c...
compiling stm32f10x_adc.c...
compiling main.c...
compiling stm32f10x_dbgmcu.c...
compiling stm32f10x_dma.c...
compiling stm32f10x_crc.c...
compiling stm32f10x_it.c...
compiling port.c...
compiling stm32f10x_gpio.c...
compiling stm32f10x_fsmc.c...
compiling stm32f10x_can.c...
assembling startup_stm32f10x_hd.s...
compiling stm32f10x_iwdg.c...
compiling stm32f10x_pwr.c...
compiling stm32f10x_i2c.c...
compiling stm32f10x_rtc.c...
compiling stm32f10x_rcc.c...
compiling stm32f10x_sdio.c...
compiling deca_params_init.c...
compiling deca_range_tables.c...
compiling stm32f10x_spi.c...
compiling stm32f10x_wwdg.c...
compiling stm32f10x_tim.c...
compiling stm32f10x_usart.c...
compiling system_stm32f10x.c...
compiling core_cm3.c...
compiling deca_mutex.c...
compiling deca_sleep.c...
compiling deca_device.c...
compiling deca_spi.c...
compiling lcd.c...
compiling stmflash.c...
compiling led.c...
compiling usart.c...
compiling timer.c...
compiling dma.c...
compiling device_info.c...
compiling PIN_OUT.c...
compiling hw_config.c...
compiling Queue.c...
compiling usb_desc.c...
compiling usb_istr.c...
compiling usb_endp.c...
compiling usb_it.c...
compiling usb_prop.c...
compiling usb_pwr.c...
compiling usb_init.c...
compiling usb_core.c...
compiling usb_sil.c...
compiling usb_mem.c...
compiling usb_int.c...
compiling usb_regs.c...
linking...
Program Size: Code=18200 RO-data=952 RW-data=476 ZI-data=12980  
FromELF: creating hex file...
".\DW1000\DW1000.axf" - 0 Error(s), 0 Warning(s).

<h2>Software Packages used:</h2>

Package Vendor: Keil
                http://www.keil.com/pack/Keil.STM32F1xx_DFP.2.3.0.pack
                Keil.STM32F1xx_DFP.2.3.0
                STMicroelectronics STM32F1 Series Device Support, Drivers and Examples

<h2>Collection of Component include folders:</h2>
  .\RTE\_DW1000
  D:\keil\keil\ARM\PACK\Keil\STM32F1xx_DFP\2.3.0\Device\Include

<h2>Collection of Component Files used:</h2>
Build Time Elapsed:  00:00:05
</pre>
</body>
</html>
