Archive member included to satisfy reference by file (symbol)

d:/gcc-arm/gcc/9 2019-q4-major/bin/../lib/gcc/arm-none-eabi/9.2.1/../../../../arm-none-eabi/lib/thumb/v7-m/nofp\libc.a(lib_a-exit.o)
                              d:/gcc-arm/gcc/9 2019-q4-major/bin/../lib/gcc/arm-none-eabi/9.2.1/../../../../arm-none-eabi/lib/thumb/v7-m/nofp/crt0.o (exit)
d:/gcc-arm/gcc/9 2019-q4-major/bin/../lib/gcc/arm-none-eabi/9.2.1/../../../../arm-none-eabi/lib/thumb/v7-m/nofp\libc.a(lib_a-impure.o)
                              d:/gcc-arm/gcc/9 2019-q4-major/bin/../lib/gcc/arm-none-eabi/9.2.1/../../../../arm-none-eabi/lib/thumb/v7-m/nofp\libc.a(lib_a-exit.o) (_global_impure_ptr)
d:/gcc-arm/gcc/9 2019-q4-major/bin/../lib/gcc/arm-none-eabi/9.2.1/../../../../arm-none-eabi/lib/thumb/v7-m/nofp\libc.a(lib_a-init.o)
                              d:/gcc-arm/gcc/9 2019-q4-major/bin/../lib/gcc/arm-none-eabi/9.2.1/../../../../arm-none-eabi/lib/thumb/v7-m/nofp/crt0.o (__libc_init_array)
d:/gcc-arm/gcc/9 2019-q4-major/bin/../lib/gcc/arm-none-eabi/9.2.1/../../../../arm-none-eabi/lib/thumb/v7-m/nofp\libc.a(lib_a-memset.o)
                              d:/gcc-arm/gcc/9 2019-q4-major/bin/../lib/gcc/arm-none-eabi/9.2.1/../../../../arm-none-eabi/lib/thumb/v7-m/nofp/crt0.o (memset)
d:/gcc-arm/gcc/9 2019-q4-major/bin/../lib/gcc/arm-none-eabi/9.2.1/../../../../arm-none-eabi/lib/thumb/v7-m/nofp\libc.a(lib_a-__call_atexit.o)
                              d:/gcc-arm/gcc/9 2019-q4-major/bin/../lib/gcc/arm-none-eabi/9.2.1/../../../../arm-none-eabi/lib/thumb/v7-m/nofp\libc.a(lib_a-exit.o) (__call_exitprocs)
d:/gcc-arm/gcc/9 2019-q4-major/bin/../lib/gcc/arm-none-eabi/9.2.1/../../../../arm-none-eabi/lib/thumb/v7-m/nofp\libc.a(lib_a-atexit.o)
                              d:/gcc-arm/gcc/9 2019-q4-major/bin/../lib/gcc/arm-none-eabi/9.2.1/../../../../arm-none-eabi/lib/thumb/v7-m/nofp\libc.a(lib_a-__call_atexit.o) (atexit)
d:/gcc-arm/gcc/9 2019-q4-major/bin/../lib/gcc/arm-none-eabi/9.2.1/../../../../arm-none-eabi/lib/thumb/v7-m/nofp\libc.a(lib_a-fini.o)
                              d:/gcc-arm/gcc/9 2019-q4-major/bin/../lib/gcc/arm-none-eabi/9.2.1/../../../../arm-none-eabi/lib/thumb/v7-m/nofp\libc.a(lib_a-__call_atexit.o) (__libc_fini_array)
d:/gcc-arm/gcc/9 2019-q4-major/bin/../lib/gcc/arm-none-eabi/9.2.1/../../../../arm-none-eabi/lib/thumb/v7-m/nofp\libc.a(lib_a-lock.o)
                              d:/gcc-arm/gcc/9 2019-q4-major/bin/../lib/gcc/arm-none-eabi/9.2.1/../../../../arm-none-eabi/lib/thumb/v7-m/nofp\libc.a(lib_a-__call_atexit.o) (__retarget_lock_acquire_recursive)
d:/gcc-arm/gcc/9 2019-q4-major/bin/../lib/gcc/arm-none-eabi/9.2.1/../../../../arm-none-eabi/lib/thumb/v7-m/nofp\libc.a(lib_a-__atexit.o)
                              d:/gcc-arm/gcc/9 2019-q4-major/bin/../lib/gcc/arm-none-eabi/9.2.1/../../../../arm-none-eabi/lib/thumb/v7-m/nofp\libc.a(lib_a-atexit.o) (__register_exitproc)
d:/gcc-arm/gcc/9 2019-q4-major/bin/../lib/gcc/arm-none-eabi/9.2.1/thumb/v7-m/nofp\libgcc.a(_arm_muldf3.o)
                              ..\obj\deca_device.o (__aeabi_dmul)
d:/gcc-arm/gcc/9 2019-q4-major/bin/../lib/gcc/arm-none-eabi/9.2.1/thumb/v7-m/nofp\libgcc.a(_arm_addsubdf3.o)
                              ..\obj\deca_device.o (__aeabi_dadd)
d:/gcc-arm/gcc/9 2019-q4-major/bin/../lib/gcc/arm-none-eabi/9.2.1/thumb/v7-m/nofp\libgcc.a(_arm_fixunsdfsi.o)
                              ..\obj\deca_device.o (__aeabi_d2uiz)
d:/gcc-arm/gcc/9 2019-q4-major/bin/../lib/gcc/arm-none-eabi/9.2.1/thumb/v7-m/nofp\libgcc.a(_arm_truncdfsf2.o)
                              ..\obj\deca_device.o (__aeabi_d2f)
d:/gcc-arm/gcc/9 2019-q4-major/bin/../lib/gcc/arm-none-eabi/9.2.1/thumb/v7-m/nofp\libgcc.a(_arm_addsubsf3.o)
                              ..\obj\deca_device.o (__aeabi_i2f)
d:/gcc-arm/gcc/9 2019-q4-major/bin/../lib/gcc/arm-none-eabi/9.2.1/../../../../arm-none-eabi/lib/thumb/v7-m/nofp\libc.a(lib_a-strlen-stub.o)
                              ..\obj\lcd.o (strlen)

Allocating common symbols
Common symbol       size              file

__lock___atexit_recursive_mutex
                    0x1               d:/gcc-arm/gcc/9 2019-q4-major/bin/../lib/gcc/arm-none-eabi/9.2.1/../../../../arm-none-eabi/lib/thumb/v7-m/nofp\libc.a(lib_a-lock.o)
__lock___arc4random_mutex
                    0x1               d:/gcc-arm/gcc/9 2019-q4-major/bin/../lib/gcc/arm-none-eabi/9.2.1/../../../../arm-none-eabi/lib/thumb/v7-m/nofp\libc.a(lib_a-lock.o)
__lock___env_recursive_mutex
                    0x1               d:/gcc-arm/gcc/9 2019-q4-major/bin/../lib/gcc/arm-none-eabi/9.2.1/../../../../arm-none-eabi/lib/thumb/v7-m/nofp\libc.a(lib_a-lock.o)
__lock___sinit_recursive_mutex
                    0x1               d:/gcc-arm/gcc/9 2019-q4-major/bin/../lib/gcc/arm-none-eabi/9.2.1/../../../../arm-none-eabi/lib/thumb/v7-m/nofp\libc.a(lib_a-lock.o)
__lock___malloc_recursive_mutex
[...]
Memory Configuration

Name             Origin             Length             Attributes
FLASH            0x08000000         0x00040000         xr
RAM              0x20000000         0x00010000         xrw
MEMORY_B1        0x60000000         0x00000000         xr
*default*        0x00000000         0xffffffff

Linker script and memory map

LOAD d:/gcc-arm/gcc/9 2019-q4-major/bin/../lib/gcc/arm-none-eabi/9.2.1/thumb/v7-m/nofp/crti.o
LOAD d:/gcc-arm/gcc/9 2019-q4-major/bin/../lib/gcc/arm-none-eabi/9.2.1/thumb/v7-m/nofp/crtbegin.o
LOAD d:/gcc-arm/gcc/9 2019-q4-major/bin/../lib/gcc/arm-none-eabi/9.2.1/../../../../arm-none-eabi/lib/thumb/v7-m/nofp/crt0.o
                0x20010000                _estack = 0x20010000
                0x00000400                _Min_Heap_Size = 0x400
                0x00000400                _Min_Stack_Size = 0x400

.isr_vector     0x08000000      0x1e4
                0x08000000                . = ALIGN (0x4)
 *(.isr_vector)
 .isr_vector    0x08000000      0x1e4 ..\obj\startup_stm32f10x_cl.o
                0x08000000                g_pfnVectors
                0x080001e4                . = ALIGN (0x4)

.text           0x080001e4     0x28ac
                0x080001e4                . = ALIGN (0x4)
 *(.text)
 .text          0x080001e4       0x40 d:/gcc-arm/gcc/9 2019-q4-major/bin/../lib/gcc/arm-none-eabi/9.2.1/thumb/v7-m/nofp/crtbegin.o
 *(.text*)
 .text.__libc_init_array
                0x08000224       0x48 d:/gcc-arm/gcc/9 2019-q4-major/bin/../lib/gcc/arm-none-eabi/9.2.1/../../../../arm-none-eabi/lib/thumb/v7-m/nofp\libc.a(lib_a-init.o)
                0x08000224                __libc_init_array
 .text.startup.register_fini
                0x0800026c       0x14 d:/gcc-arm/gcc/9 2019-q4-major/bin/../lib/gcc/arm-none-eabi/9.2.1/../../../../arm-none-eabi/lib/thumb/v7-m/nofp\libc.a(lib_a-__call_atexit.o)
 .text.atexit   0x08000280        0xc d:/gcc-arm/gcc/9 2019-q4-major/bin/../lib/gcc/arm-none-eabi/9.2.1/../../../../arm-none-eabi/lib/thumb/v7-m/nofp\libc.a(lib_a-atexit.o)
                0x08000280                atexit
 .text.__libc_fini_array
                0x0800028c       0x2c d:/gcc-arm/gcc/9 2019-q4-major/bin/../lib/gcc/arm-none-eabi/9.2.1/../../../../arm-none-eabi/lib/thumb/v7-m/nofp\libc.a(lib_a-fini.o)
                0x0800028c                __libc_fini_array
 .text.__retarget_lock_acquire_recursive
                0x080002b8        0x4 d:/gcc-arm/gcc/9 2019-q4-major/bin/../lib/gcc/arm-none-eabi/9.2.1/../../../../arm-none-eabi/lib/thumb/v7-m/nofp\libc.a(lib_a-lock.o)
                0x080002b8                __retarget_lock_acquire_recursive
 .text.__retarget_lock_release_recursive
                0x080002bc        0x4 d:/gcc-arm/gcc/9 2019-q4-major/bin/../lib/gcc/arm-none-eabi/9.2.1/../../../../arm-none-eabi/lib/thumb/v7-m/nofp\libc.a(lib_a-lock.o)
                0x080002bc                __retarget_lock_release_recursive
 .text.__register_exitproc
                0x080002c0       0x8c d:/gcc-arm/gcc/9 2019-q4-major/bin/../lib/gcc/arm-none-eabi/9.2.1/../../../../arm-none-eabi/lib/thumb/v7-m/nofp\libc.a(lib_a-__atexit.o)
                0x080002c0                __register_exitproc
 .text.SystemInit
                0x0800034c       0x7c ..\obj\system_stm32f10x.o
                0x0800034c                SystemInit
 .text.SetSysClock
                0x080003c8        0xc ..\obj\system_stm32f10x.o
 .text.SetSysClockTo72
                0x080003d4      0x138 ..\obj\system_stm32f10x.o
 .text.dwt_initialise
                0x0800050c      0x298 ..\obj\deca_device.o
                0x0800050c                dwt_initialise
 .text.dwt_readdevid
                0x080007a4       0x12 ..\obj\deca_device.o
                0x080007a4                dwt_readdevid
 .text.dwt_configuretxrf
                0x080007b6       0x2c ..\obj\deca_device.o
                0x080007b6                dwt_configuretxrf
 *fill*         0x080007e2        0x2 
 .text.dwt_configure
                0x080007e4      0x2d4 ..\obj\deca_device.o
                0x080007e4                dwt_configure
 .text.dwt_writetxdata
                0x08000ab8       0x3c ..\obj\deca_device.o
                0x08000ab8                dwt_writetxdata
 .text.dwt_writetxfctrl
                0x08000af4       0x40 ..\obj\deca_device.o
                0x08000af4                dwt_writetxfctrl
 .text.dwt_writetodevice
                0x08000b34       0xb8 ..\obj\deca_device.o
                0x08000b34                dwt_writetodevice
 .text.dwt_readfromdevice
                0x08000bec       0xb2 ..\obj\deca_device.o
                0x08000bec                dwt_readfromdevice
 .text.dwt_read32bitoffsetreg
                0x08000c9e       0x4e ..\obj\deca_device.o
                0x08000c9e                dwt_read32bitoffsetreg
 .text.dwt_read16bitoffsetreg
                0x08000cec       0x3a ..\obj\deca_device.o
                0x08000cec                dwt_read16bitoffsetreg
 .text.dwt_write8bitoffsetreg
                0x08000d26       0x26 ..\obj\deca_device.o
                0x08000d26                dwt_write8bitoffsetreg
 .text.dwt_write16bitoffsetreg
                0x08000d4c       0x38 ..\obj\deca_device.o
                0x08000d4c                dwt_write16bitoffsetreg
 .text.dwt_write32bitoffsetreg
                0x08000d84       0x4e ..\obj\deca_device.o
                0x08000d84                dwt_write32bitoffsetreg
 .text._dwt_otpread
                0x08000dd2       0x3e ..\obj\deca_device.o
                0x08000dd2                _dwt_otpread
 .text._dwt_aonarrayupload
                0x08000e10       0x1c ..\obj\deca_device.o
                0x08000e10                _dwt_aonarrayupload
 .text._dwt_configlde
                0x08000e2c       0x40 ..\obj\deca_device.o
                0x08000e2c                _dwt_configlde
 .text._dwt_loaducodefromrom
                0x08000e6c       0x26 ..\obj\deca_device.o
                0x08000e6c                _dwt_loaducodefromrom
 *fill*         0x08000e92        0x2 
 .text._dwt_enableclocks
                0x08000e94      0x134 ..\obj\deca_device.o
                0x08000e94                _dwt_enableclocks
 .text._dwt_disablesequencing
                0x08000fc8       0x18 ..\obj\deca_device.o
                0x08000fc8                _dwt_disablesequencing
 .text.dwt_starttx
                0x08000fe0       0x9c ..\obj\deca_device.o
                0x08000fe0                dwt_starttx
 .text.dwt_softreset
                0x0800107c       0x4c ..\obj\deca_device.o
                0x0800107c                dwt_softreset
 .text.dwt_setxtaltrim
                0x080010c8       0x30 ..\obj\deca_device.o
                0x080010c8                dwt_setxtaltrim
 .text.dwt_configcontinuousframemode
                0x080010f8       0x58 ..\obj\deca_device.o
                0x080010f8                dwt_configcontinuousframemode
 .text.writetospi
                0x08001150       0x6c ..\obj\deca_spi.o
                0x08001150                writetospi
 .text.readfromspi
                0x080011bc       0x74 ..\obj\deca_spi.o
                0x080011bc                readfromspi
 .text.GPIO_Init
                0x08001230      0x178 ..\obj\stm32f10x_gpio.o
                0x08001230                GPIO_Init
 .text.GPIO_ReadInputDataBit
                0x080013a8       0x32 ..\obj\stm32f10x_gpio.o
                0x080013a8                GPIO_ReadInputDataBit
 .text.GPIO_SetBits
                0x080013da       0x1c ..\obj\stm32f10x_gpio.o
                0x080013da                GPIO_SetBits
 .text.GPIO_ResetBits
                0x080013f6       0x1c ..\obj\stm32f10x_gpio.o
                0x080013f6                GPIO_ResetBits
 *fill*         0x08001412        0x2 
 .text.GPIO_PinRemapConfig
                0x08001414       0xe0 ..\obj\stm32f10x_gpio.o
                0x08001414                GPIO_PinRemapConfig
 .text.GPIO_EXTILineConfig
                0x080014f4       0x80 ..\obj\stm32f10x_gpio.o
                0x080014f4                GPIO_EXTILineConfig
 .text.main     0x08001574       0x80 ..\obj\main.o
                0x08001574                main
 .text.RCC_DeInit
                0x080015f4       0x70 ..\obj\stm32f10x_rcc.o
                0x080015f4                RCC_DeInit
 .text.RCC_HSEConfig
                0x08001664       0x5c ..\obj\stm32f10x_rcc.o
                0x08001664                RCC_HSEConfig
 .text.RCC_WaitForHSEStartUp
                0x080016c0       0x50 ..\obj\stm32f10x_rcc.o
                0x080016c0                RCC_WaitForHSEStartUp
 .text.RCC_PLLConfig
                0x08001710       0x3c ..\obj\stm32f10x_rcc.o
                0x08001710                RCC_PLLConfig
 .text.RCC_PLLCmd
                0x0800174c       0x20 ..\obj\stm32f10x_rcc.o
                0x0800174c                RCC_PLLCmd
 .text.RCC_PREDIV1Config
                0x0800176c       0x40 ..\obj\stm32f10x_rcc.o
                0x0800176c                RCC_PREDIV1Config
 .text.RCC_PREDIV2Config
                0x080017ac       0x38 ..\obj\stm32f10x_rcc.o
                0x080017ac                RCC_PREDIV2Config
 .text.RCC_PLL2Config
                0x080017e4       0x38 ..\obj\stm32f10x_rcc.o
                0x080017e4                RCC_PLL2Config
 .text.RCC_PLL2Cmd
                0x0800181c       0x20 ..\obj\stm32f10x_rcc.o
                0x0800181c                RCC_PLL2Cmd
 .text.RCC_SYSCLKConfig
                0x0800183c       0x38 ..\obj\stm32f10x_rcc.o
                0x0800183c                RCC_SYSCLKConfig
 .text.RCC_GetSYSCLKSource
                0x08001874       0x1c ..\obj\stm32f10x_rcc.o
                0x08001874                RCC_GetSYSCLKSource
 .text.RCC_HCLKConfig
                0x08001890       0x38 ..\obj\stm32f10x_rcc.o
                0x08001890                RCC_HCLKConfig
 .text.RCC_PCLK1Config
                0x080018c8       0x38 ..\obj\stm32f10x_rcc.o
                0x080018c8                RCC_PCLK1Config
 .text.RCC_PCLK2Config
                0x08001900       0x38 ..\obj\stm32f10x_rcc.o
                0x08001900                RCC_PCLK2Config
 .text.RCC_ADCCLKConfig
                0x08001938       0x38 ..\obj\stm32f10x_rcc.o
                0x08001938                RCC_ADCCLKConfig
 .text.RCC_GetClocksFreq
                0x08001970      0x1d4 ..\obj\stm32f10x_rcc.o
                0x08001970                RCC_GetClocksFreq
 .text.RCC_APB2PeriphClockCmd
                0x08001b44       0x3c ..\obj\stm32f10x_rcc.o
                0x08001b44                RCC_APB2PeriphClockCmd
 .text.RCC_APB1PeriphClockCmd
                0x08001b80       0x3c ..\obj\stm32f10x_rcc.o
                0x08001b80                RCC_APB1PeriphClockCmd
 .text.RCC_APB2PeriphResetCmd
                0x08001bbc       0x3c ..\obj\stm32f10x_rcc.o
                0x08001bbc                RCC_APB2PeriphResetCmd
 .text.RCC_APB1PeriphResetCmd
                0x08001bf8       0x3c ..\obj\stm32f10x_rcc.o
                0x08001bf8                RCC_APB1PeriphResetCmd
 .text.RCC_GetFlagStatus
                0x08001c34       0x74 ..\obj\stm32f10x_rcc.o
                0x08001c34                RCC_GetFlagStatus
 .text.Reset_Handler
                0x08001ca8       0x48 ..\obj\startup_stm32f10x_cl.o
                0x08001ca8                Reset_Handler
 .text.Default_Handler
                0x08001cf0        0x2 ..\obj\startup_stm32f10x_cl.o
                0x08001cf0                EXTI2_IRQHandler
                0x08001cf0                DebugMon_Handler
                0x08001cf0                TIM1_CC_IRQHandler
                0x08001cf0                HardFault_Handler
                0x08001cf0                TIM6_IRQHandler
                0x08001cf0                PVD_IRQHandler
                0x08001cf0                PendSV_Handler
                0x08001cf0                NMI_Handler
                0x08001cf0                CAN2_RX1_IRQHandler
                0x08001cf0                EXTI3_IRQHandler
                0x08001cf0                EXTI0_IRQHandler
                0x08001cf0                I2C2_EV_IRQHandler
                0x08001cf0                CAN1_RX0_IRQHandler
                0x08001cf0                UsageFault_Handler
                0x08001cf0                CAN2_SCE_IRQHandler
                0x08001cf0                ADC1_2_IRQHandler
                0x08001cf0                SPI1_IRQHandler
                0x08001cf0                TAMPER_IRQHandler
                0x08001cf0                CAN2_RX0_IRQHandler
                0x08001cf0                DMA2_Channel2_IRQHandler
                0x08001cf0                DMA1_Channel4_IRQHandler
                0x08001cf0                USART3_IRQHandler
                0x08001cf0                RTC_IRQHandler
                0x08001cf0                DMA1_Channel7_IRQHandler
                0x08001cf0                CAN1_RX1_IRQHandler
                0x08001cf0                UART5_IRQHandler
                0x08001cf0                TIM4_IRQHandler
                0x08001cf0                DMA2_Channel1_IRQHandler
                0x08001cf0                I2C1_EV_IRQHandler
                0x08001cf0                DMA1_Channel6_IRQHandler
                0x08001cf0                UART4_IRQHandler
                0x08001cf0                DMA2_Channel4_IRQHandler
                0x08001cf0                TIM3_IRQHandler
                0x08001cf0                RCC_IRQHandler
                0x08001cf0                TIM1_TRG_COM_IRQHandler
                0x08001cf0                DMA1_Channel1_IRQHandler
                0x08001cf0                Default_Handler
                0x08001cf0                EXTI15_10_IRQHandler
                0x08001cf0                TIM7_IRQHandler
                0x08001cf0                CAN2_TX_IRQHandler
                0x08001cf0                TIM5_IRQHandler
                0x08001cf0                ETH_WKUP_IRQHandler
                0x08001cf0                SPI2_IRQHandler
                0x08001cf0                MemManage_Handler
                0x08001cf0                CAN1_TX_IRQHandler
                0x08001cf0                SVC_Handler
                0x08001cf0                DMA2_Channel5_IRQHandler
                0x08001cf0                DMA1_Channel5_IRQHandler
                0x08001cf0                EXTI4_IRQHandler
                0x08001cf0                DMA1_Channel3_IRQHandler
                0x08001cf0                ETH_IRQHandler
                0x08001cf0                TIM1_UP_IRQHandler
                0x08001cf0                WWDG_IRQHandler
                0x08001cf0                TIM2_IRQHandler
                0x08001cf0                OTG_FS_WKUP_IRQHandler
                0x08001cf0                TIM1_BRK_IRQHandler
                0x08001cf0                EXTI1_IRQHandler
                0x08001cf0                RTCAlarm_IRQHandler
                0x08001cf0                USART2_IRQHandler
                0x08001cf0                I2C2_ER_IRQHandler
                0x08001cf0                DMA1_Channel2_IRQHandler
                0x08001cf0                CAN1_SCE_IRQHandler
                0x08001cf0                FLASH_IRQHandler
                0x08001cf0                BusFault_Handler
                0x08001cf0                USART1_IRQHandler
                0x08001cf0                OTG_FS_IRQHandler
                0x08001cf0                SPI3_IRQHandler
                0x08001cf0                I2C1_ER_IRQHandler
                0x08001cf0                DMA2_Channel3_IRQHandler
 *fill*         0x08001cf2        0x2 
 .text.EXTI_Init
                0x08001cf4       0xe4 ..\obj\stm32f10x_exti.o
                0x08001cf4                EXTI_Init
 .text.EXTI_ClearITPendingBit
                0x08001dd8       0x1c ..\obj\stm32f10x_exti.o
                0x08001dd8                EXTI_ClearITPendingBit
 .text.NVIC_EnableIRQ
                0x08001df4       0x30 ..\obj\deca_mutex.o
 .text.NVIC_DisableIRQ
                0x08001e24       0x34 ..\obj\deca_mutex.o
 .text.decamutexon
                0x08001e58       0x26 ..\obj\deca_mutex.o
                0x08001e58                decamutexon
 .text.decamutexoff
                0x08001e7e       0x1c ..\obj\deca_mutex.o
                0x08001e7e                decamutexoff
 .text.deca_sleep
                0x08001e9a       0x16 ..\obj\deca_sleep.o
                0x08001e9a                deca_sleep
 .text.sleep_ms
                0x08001eb0       0x2e ..\obj\deca_sleep.o
                0x08001eb0                sleep_ms
 *fill*         0x08001ede        0x2 
 .text.FLASH_SetLatency
                0x08001ee0       0x38 ..\obj\stm32f10x_flash.o
                0x08001ee0                FLASH_SetLatency
 .text.FLASH_PrefetchBufferCmd
                0x08001f18       0x30 ..\obj\stm32f10x_flash.o
                0x08001f18                FLASH_PrefetchBufferCmd
 .text.SysTick_Handler
                0x08001f48       0x1c ..\obj\stm32f10x_it.o
                0x08001f48                SysTick_Handler
 .text.EXTI9_5_IRQHandler
                0x08001f64       0x2c ..\obj\stm32f10x_it.o
                0x08001f64                EXTI9_5_IRQHandler
 .text.NVIC_SetPriority
                0x08001f90       0x54 ..\obj\port.o
 .text.SysTick_Config
                0x08001fe4       0x44 ..\obj\port.o
 .text.portGetTickCnt
                0x08002028       0x14 ..\obj\port.o
                0x08002028                portGetTickCnt
 .text.SysTick_Configuration
                0x0800203c       0x38 ..\obj\port.o
                0x0800203c                SysTick_Configuration
 .text.NVIC_Configuration
                0x08002074       0x68 ..\obj\port.o
                0x08002074                NVIC_Configuration
 .text.EXTI_GetITEnStatus
                0x080020dc       0x3c ..\obj\port.o
                0x080020dc                EXTI_GetITEnStatus
 .text.RCC_Configuration
                0x08002118       0xd4 ..\obj\port.o
                0x08002118                RCC_Configuration
 .text.SPI_ChangeRate
                0x080021ec       0x38 ..\obj\port.o
                0x080021ec                SPI_ChangeRate
 .text.spi_set_rate_low
                0x08002224        0xe ..\obj\port.o
                0x08002224                spi_set_rate_low
 *fill*         0x08002232        0x2 
 .text.SPI_Configuration
                0x08002234       0xa8 ..\obj\port.o
                0x08002234                SPI_Configuration
 .text.SPI2_Configuration
                0x080022dc       0xe0 ..\obj\port.o
                0x080022dc                SPI2_Configuration
 .text.GPIO_Configuration
                0x080023bc       0xc0 ..\obj\port.o
                0x080023bc                GPIO_Configuration
 .text.reset_DW1000
                0x0800247c       0x4c ..\obj\port.o
                0x0800247c                reset_DW1000
 .text.LCD_Configuration
                0x080024c8       0x54 ..\obj\port.o
 .text.spi_peripheral_init
                0x0800251c       0x30 ..\obj\port.o
 .text.peripherals_init
                0x0800254c       0x20 ..\obj\port.o
                0x0800254c                peripherals_init
 .text.writetoLCD
                0x0800256c       0xc0 ..\obj\lcd.o
                0x0800256c                writetoLCD
 .text.lcd_display_str
                0x0800262c       0x46 ..\obj\lcd.o
                0x0800262c                lcd_display_str
 *fill*         0x08002672        0x2 
 .text.NVIC_PriorityGroupConfig
                0x08002674       0x24 ..\obj\misc.o
                0x08002674                NVIC_PriorityGroupConfig
 .text.NVIC_Init
                0x08002698       0xc4 ..\obj\misc.o
                0x08002698                NVIC_Init
 .text.SPI_I2S_DeInit
                0x0800275c       0x74 ..\obj\stm32f10x_spi.o
                0x0800275c                SPI_I2S_DeInit
 .text.SPI_Init
                0x080027d0       0x86 ..\obj\stm32f10x_spi.o
                0x080027d0                SPI_Init
 .text.SPI_Cmd  0x08002856       0x3e ..\obj\stm32f10x_spi.o
                0x08002856                SPI_Cmd
 .text.SPI_I2S_SendData
                0x08002894       0x1c ..\obj\stm32f10x_spi.o
                0x08002894                SPI_I2S_SendData
 .text.SPI_I2S_ReceiveData
                0x080028b0       0x18 ..\obj\stm32f10x_spi.o
                0x080028b0                SPI_I2S_ReceiveData
 .text.SPI_SSOutputCmd
                0x080028c8       0x3e ..\obj\stm32f10x_spi.o
                0x080028c8                SPI_SSOutputCmd
 .text.SPI_I2S_GetFlagStatus
                0x08002906       0x36 ..\obj\stm32f10x_spi.o
                0x08002906                SPI_I2S_GetFlagStatus
 .text.strlen   0x0800293c       0x5c d:/gcc-arm/gcc/9 2019-q4-major/bin/../lib/gcc/arm-none-eabi/9.2.1/../../../../arm-none-eabi/lib/thumb/v7-m/nofp\libc.a(lib_a-strlen-stub.o)
                0x0800293c                strlen
 *(.rodata)
 .rodata        0x08002998       0x1c ..\obj\main.o
 .rodata        0x080029b4        0x9 ..\obj\port.o
 *(.rodata*)
 *fill*         0x080029bd        0x3 
 .rodata._global_impure_ptr
                0x080029c0        0x4 d:/gcc-arm/gcc/9 2019-q4-major/bin/../lib/gcc/arm-none-eabi/9.2.1/../../../../arm-none-eabi/lib/thumb/v7-m/nofp\libc.a(lib_a-impure.o)
                0x080029c0                _global_impure_ptr
 .rodata.chan_idx
                0x080029c4        0x8 ..\obj\deca_params_init.o
                0x080029c4                chan_idx
 .rodata.tx_config
                0x080029cc       0x18 ..\obj\deca_params_init.o
                0x080029cc                tx_config
 .rodata.fs_pll_cfg
                0x080029e4       0x18 ..\obj\deca_params_init.o
                0x080029e4                fs_pll_cfg
 .rodata.fs_pll_tune
                0x080029fc        0x6 ..\obj\deca_params_init.o
                0x080029fc                fs_pll_tune
 *fill*         0x08002a02        0x2 
 .rodata.rx_config
                0x08002a04        0x2 ..\obj\deca_params_init.o
                0x08002a04                rx_config
 *fill*         0x08002a06        0x2 
 .rodata.agc_config
                0x08002a08        0x8 ..\obj\deca_params_init.o
                0x08002a08                agc_config
 .rodata.dwnsSFDlen
                0x08002a10        0x3 ..\obj\deca_params_init.o
                0x08002a10                dwnsSFDlen
 *fill*         0x08002a13        0x1 
 .rodata.sftsh  0x08002a14        0xc ..\obj\deca_params_init.o
                0x08002a14                sftsh
 .rodata.dtune1
                0x08002a20        0x4 ..\obj\deca_params_init.o
                0x08002a20                dtune1
 .rodata.digital_bb_config
                0x08002a24       0x20 ..\obj\deca_params_init.o
                0x08002a24                digital_bb_config
 .rodata.lde_replicaCoeff
                0x08002a44       0x32 ..\obj\deca_params_init.o
                0x08002a44                lde_replicaCoeff
 *(.glue_7)
 .glue_7        0x08002a76        0x0 linker stubs
 *(.glue_7t)
 .glue_7t       0x08002a76        0x0 linker stubs
 *(.eh_frame)
 *fill*         0x08002a76        0x2 
 .eh_frame      0x08002a78        0x0 d:/gcc-arm/gcc/9 2019-q4-major/bin/../lib/gcc/arm-none-eabi/9.2.1/thumb/v7-m/nofp/crtbegin.o
 *(.init)
 .init          0x08002a78        0x4 d:/gcc-arm/gcc/9 2019-q4-major/bin/../lib/gcc/arm-none-eabi/9.2.1/thumb/v7-m/nofp/crti.o
                0x08002a78                _init
 .init          0x08002a7c        0x8 d:/gcc-arm/gcc/9 2019-q4-major/bin/../lib/gcc/arm-none-eabi/9.2.1/thumb/v7-m/nofp/crtn.o
 *(.fini)
 .fini          0x08002a84        0x4 d:/gcc-arm/gcc/9 2019-q4-major/bin/../lib/gcc/arm-none-eabi/9.2.1/thumb/v7-m/nofp/crti.o
                0x08002a84                _fini
 .fini          0x08002a88        0x8 d:/gcc-arm/gcc/9 2019-q4-major/bin/../lib/gcc/arm-none-eabi/9.2.1/thumb/v7-m/nofp/crtn.o
                0x08002a90                . = ALIGN (0x4)
                0x08002a90                _etext = .

.vfp11_veneer   0x08002a90        0x0
 .vfp11_veneer  0x08002a90        0x0 linker stubs

.v4_bx          0x08002a90        0x0
 .v4_bx         0x08002a90        0x0 linker stubs

.iplt           0x08002a90        0x0
 .iplt          0x08002a90        0x0 d:/gcc-arm/gcc/9 2019-q4-major/bin/../lib/gcc/arm-none-eabi/9.2.1/thumb/v7-m/nofp/crtbegin.o

.rel.dyn        0x08002a90        0x0
 .rel.iplt      0x08002a90        0x0 d:/gcc-arm/gcc/9 2019-q4-major/bin/../lib/gcc/arm-none-eabi/9.2.1/thumb/v7-m/nofp/crtbegin.o

.ARM.extab
 *(.ARM.extab* .gnu.linkonce.armextab.*)

.ARM            0x08002a90        0x0
                0x08002a90                __exidx_start = .
 *(.ARM.exidx*)
                0x08002a90                __exidx_end = .

.preinit_array  0x08002a90        0x0
                0x08002a90                PROVIDE (__preinit_array_start = .)
 *(.preinit_array*)
                0x08002a90                PROVIDE (__preinit_array_end = .)

.init_array     0x08002a90        0x8
                0x08002a90                PROVIDE (__init_array_start = .)
 *(SORT_BY_NAME(.init_array.*))
 .init_array.00000
                0x08002a90        0x4 d:/gcc-arm/gcc/9 2019-q4-major/bin/../lib/gcc/arm-none-eabi/9.2.1/../../../../arm-none-eabi/lib/thumb/v7-m/nofp\libc.a(lib_a-__call_atexit.o)
 *(.init_array*)
 .init_array    0x08002a94        0x4 d:/gcc-arm/gcc/9 2019-q4-major/bin/../lib/gcc/arm-none-eabi/9.2.1/thumb/v7-m/nofp/crtbegin.o
                0x08002a98                PROVIDE (__init_array_end = .)

.fini_array     0x08002a98        0x4
                0x08002a98                PROVIDE (__fini_array_start = .)
 *(.fini_array*)
 .fini_array    0x08002a98        0x4 d:/gcc-arm/gcc/9 2019-q4-major/bin/../lib/gcc/arm-none-eabi/9.2.1/thumb/v7-m/nofp/crtbegin.o
 *(SORT_BY_NAME(.fini_array.*))
                0x08002a9c                PROVIDE (__fini_array_end = .)
                0x08002a9c                _sidata = .

.data           0x20000000      0x468 load address 0x08002a9c
                0x20000000                . = ALIGN (0x4)
                0x20000000                _sdata = .
 *(.data)
 *(.data*)
 .data.impure_data
                0x20000000      0x428 d:/gcc-arm/gcc/9 2019-q4-major/bin/../lib/gcc/arm-none-eabi/9.2.1/../../../../arm-none-eabi/lib/thumb/v7-m/nofp\libc.a(lib_a-impure.o)
 .data.__atexit_recursive_mutex
                0x20000428        0x4 d:/gcc-arm/gcc/9 2019-q4-major/bin/../lib/gcc/arm-none-eabi/9.2.1/../../../../arm-none-eabi/lib/thumb/v7-m/nofp\libc.a(lib_a-__call_atexit.o)
                0x20000428                __atexit_recursive_mutex
 .data.SystemCoreClock
                0x2000042c        0x4 ..\obj\system_stm32f10x.o
                0x2000042c                SystemCoreClock
 .data.pdw1000local
                0x20000430        0x4 ..\obj\deca_device.o
 .data.config   0x20000434        0xc ..\obj\main.o
 .data.txconfig
                0x20000440        0x8 ..\obj\main.o
 .data.tx_msg   0x20000448        0xc ..\obj\main.o
 .data.APBAHBPrescTable
                0x20000454       0x10 ..\obj\stm32f10x_rcc.o
 .data.ADCPrescTable
                0x20000464        0x4 ..\obj\stm32f10x_rcc.o
                0x20000468                . = ALIGN (0x4)
                0x20000468                _edata = .

.igot.plt       0x20000468        0x0 load address 0x08002f04
 .igot.plt      0x20000468        0x0 d:/gcc-arm/gcc/9 2019-q4-major/bin/../lib/gcc/arm-none-eabi/9.2.1/thumb/v7-m/nofp/crtbegin.o
                0x20000468                . = ALIGN (0x4)

.bss            0x20000468       0x80 load address 0x08002f04
                0x20000468                _sbss = .
                0x20000468                __bss_start__ = _sbss
 *(.bss)
 .bss           0x20000468       0x1c d:/gcc-arm/gcc/9 2019-q4-major/bin/../lib/gcc/arm-none-eabi/9.2.1/thumb/v7-m/nofp/crtbegin.o
 *(.bss*)
 .bss.dw1000local
                0x20000484       0x38 ..\obj\deca_device.o
 .bss.port_deca_isr
                0x200004bc        0x4 ..\obj\port.o
                0x200004bc                port_deca_isr
 *(COMMON)
 COMMON         0x200004c0       0x21 d:/gcc-arm/gcc/9 2019-q4-major/bin/../lib/gcc/arm-none-eabi/9.2.1/../../../../arm-none-eabi/lib/thumb/v7-m/nofp\libc.a(lib_a-lock.o)
                0x200004c0                __lock___atexit_recursive_mutex
                0x200004c4                __lock___arc4random_mutex
                0x200004c8                __lock___env_recursive_mutex
                0x200004cc                __lock___sinit_recursive_mutex
                0x200004d0                __lock___malloc_recursive_mutex
                0x200004d4                __lock___at_quick_exit_mutex
                0x200004d8                __lock___dd_hash_mutex
                0x200004dc                __lock___tz_mutex
                0x200004e0                __lock___sfp_recursive_mutex
 *fill*         0x200004e1        0x3 
 COMMON         0x200004e4        0x4 ..\obj\stm32f10x_it.o
                0x200004e4                time32_incr
                0x200004e8                . = ALIGN (0x4)
                0x200004e8                _ebss = .
                0x200004e8                __bss_end__ = _ebss
                [!provide]                PROVIDE (end = _ebss)
                [!provide]                PROVIDE (_end = _ebss)

._user_heap_stack
                0x200004e8      0x800 load address 0x08002f84
                0x200004e8                . = ALIGN (0x4)
                0x200004e8                _user_heap_start = .
                0x200008e8                . = (. + _Min_Heap_Size)
 *fill*         0x200004e8      0x400 
                0x200008e8                _user_heap_end = .
                0x20000ce8                . = (. + _Min_Stack_Size)
 *fill*         0x200008e8      0x400 
                0x20000ce8                . = ALIGN (0x4)
                [!provide]                PROVIDE (heap_start = _user_heap_start)
                [!provide]                PROVIDE (_heap_start = _user_heap_start)
                [!provide]                PROVIDE (heap_end = _user_heap_end)
                [!provide]                PROVIDE (_heap_end = _user_heap_end)

.memory_b1_text
 *(.mb1text)
 *(.mb1text*)
 *(.mb1rodata)
 *(.mb1rodata*)

/DISCARD/
 libc.a(*)
 libm.a(*)
 libgcc.a(*)

.ARM.attributes
                0x00000000       0x29
 *(.ARM.attributes)
 .ARM.attributes
                0x00000000       0x1d d:/gcc-arm/gcc/9 2019-q4-major/bin/../lib/gcc/arm-none-eabi/9.2.1/thumb/v7-m/nofp/crti.o
 .ARM.attributes
                0x0000001d       0x2d d:/gcc-arm/gcc/9 2019-q4-major/bin/../lib/gcc/arm-none-eabi/9.2.1/thumb/v7-m/nofp/crtbegin.o
 .ARM.attributes
                0x0000004a       0x2d ..\obj\system_stm32f10x.o
 .ARM.attributes
                0x00000077       0x2d ..\obj\deca_device.o
 .ARM.attributes
                0x000000a4       0x2d ..\obj\deca_spi.o
 .ARM.attributes
                0x000000d1       0x2d ..\obj\stm32f10x_gpio.o
 .ARM.attributes
                0x000000fe       0x2d ..\obj\main.o
 .ARM.attributes
                0x0000012b       0x2d ..\obj\stm32f10x_rcc.o
 .ARM.attributes
                0x00000158       0x21 ..\obj\startup_stm32f10x_cl.o
 .ARM.attributes
                0x00000179       0x2d ..\obj\stm32f10x_exti.o
 .ARM.attributes
                0x000001a6       0x2d ..\obj\deca_mutex.o
 .ARM.attributes
                0x000001d3       0x2d ..\obj\deca_sleep.o
 .ARM.attributes
                0x00000200       0x2d ..\obj\stm32f10x_flash.o
 .ARM.attributes
                0x0000022d       0x2d ..\obj\stm32f10x_it.o
 .ARM.attributes
                0x0000025a       0x2d ..\obj\port.o
 .ARM.attributes
                0x00000287       0x2d ..\obj\lcd.o
 .ARM.attributes
                0x000002b4       0x2d ..\obj\misc.o
 .ARM.attributes
                0x000002e1       0x2d ..\obj\stm32f10x_spi.o
 .ARM.attributes
                0x0000030e       0x33 ..\obj\deca_params_init.o
 .ARM.attributes
                0x00000341       0x2d d:/gcc-arm/gcc/9 2019-q4-major/bin/../lib/gcc/arm-none-eabi/9.2.1/../../../../arm-none-eabi/lib/thumb/v7-m/nofp\libc.a(lib_a-strlen-stub.o)
 .ARM.attributes
                0x0000036e       0x1d d:/gcc-arm/gcc/9 2019-q4-major/bin/../lib/gcc/arm-none-eabi/9.2.1/thumb/v7-m/nofp/crtn.o
LOAD ..\obj\stm32f10x_rtc.o
LOAD ..\obj\stm32f10x_tim.o
LOAD ..\obj\core_cm3.o
LOAD ..\obj\stm32f10x_dbgmcu.o
LOAD ..\obj\system_stm32f10x.o
LOAD ..\obj\deca_device.o
LOAD ..\obj\deca_spi.o
LOAD ..\obj\stm32f10x_fsmc.o
LOAD ..\obj\stm32f10x_pwr.o
LOAD ..\obj\stm32f10x_can.o
LOAD ..\obj\stm32f10x_gpio.o
LOAD ..\obj\stm32f10x_dac.o
LOAD ..\obj\main.o
LOAD ..\obj\stm32f10x_crc.o
LOAD ..\obj\stm32f10x_rcc.o
LOAD ..\obj\startup_stm32f10x_cl.o
LOAD ..\obj\stm32f10x_exti.o
LOAD ..\obj\stm32f10x_adc.o
LOAD ..\obj\deca_mutex.o
LOAD ..\obj\stm32f10x_usart.o
LOAD ..\obj\deca_sleep.o
LOAD ..\obj\syscalls.o
LOAD ..\obj\stm32f10x_flash.o
LOAD ..\obj\stm32f10x_it.o
LOAD ..\obj\stm32f10x_cec.o
LOAD ..\obj\port.o
LOAD ..\obj\stm32f10x_sdio.o
LOAD ..\obj\stm32f10x_dma.o
LOAD ..\obj\lcd.o
LOAD ..\obj\misc.o
LOAD ..\obj\stm32f10x_wwdg.o
LOAD ..\obj\stm32f10x_spi.o
LOAD ..\obj\stm32f10x_i2c.o
LOAD ..\obj\deca_params_init.o
LOAD ..\obj\stm32f10x_bkp.o
LOAD ..\obj\stm32f10x_iwdg.o
LOAD d:/gcc-arm/gcc/9 2019-q4-major/bin/../lib/gcc/arm-none-eabi/9.2.1/../../../../arm-none-eabi/lib/thumb/v7-m/nofp\libm.a
LOAD d:/gcc-arm/gcc/9 2019-q4-major/bin/../lib/gcc/arm-none-eabi/9.2.1/thumb/v7-m/nofp\libgcc.a
LOAD d:/gcc-arm/gcc/9 2019-q4-major/bin/../lib/gcc/arm-none-eabi/9.2.1/../../../../arm-none-eabi/lib/thumb/v7-m/nofp\libc.a
START GROUP
LOAD d:/gcc-arm/gcc/9 2019-q4-major/bin/../lib/gcc/arm-none-eabi/9.2.1/thumb/v7-m/nofp\libgcc.a
LOAD d:/gcc-arm/gcc/9 2019-q4-major/bin/../lib/gcc/arm-none-eabi/9.2.1/../../../../arm-none-eabi/lib/thumb/v7-m/nofp\libg.a
LOAD d:/gcc-arm/gcc/9 2019-q4-major/bin/../lib/gcc/arm-none-eabi/9.2.1/../../../../arm-none-eabi/lib/thumb/v7-m/nofp\libc.a
END GROUP
LOAD d:/gcc-arm/gcc/9 2019-q4-major/bin/../lib/gcc/arm-none-eabi/9.2.1/thumb/v7-m/nofp/crtend.o
LOAD d:/gcc-arm/gcc/9 2019-q4-major/bin/../lib/gcc/arm-none-eabi/9.2.1/thumb/v7-m/nofp/crtn.o
OUTPUT(cont_frame.elf elf32-littlearm)

.debug_info     0x00000000     0x96eb
 .debug_info    0x00000000      0x4e3 ..\obj\system_stm32f10x.o
 .debug_info    0x000004e3     0x2714 ..\obj\deca_device.o
 .debug_info    0x00002bf7      0xc8d ..\obj\deca_spi.o
 .debug_info    0x00003884      0x74c ..\obj\stm32f10x_gpio.o
 .debug_info    0x00003fd0      0x209 ..\obj\main.o
 .debug_info    0x000041d9      0xb35 ..\obj\stm32f10x_rcc.o
 .debug_info    0x00004d0e       0x22 ..\obj\startup_stm32f10x_cl.o
 .debug_info    0x00004d30      0x375 ..\obj\stm32f10x_exti.o
 .debug_info    0x000050a5      0x469 ..\obj\deca_mutex.o
 .debug_info    0x0000550e      0x118 ..\obj\deca_sleep.o
 .debug_info    0x00005626      0x81a ..\obj\stm32f10x_flash.o
 .debug_info    0x00005e40      0x193 ..\obj\stm32f10x_it.o
 .debug_info    0x00005fd3     0x1055 ..\obj\port.o
 .debug_info    0x00007028      0xbe5 ..\obj\lcd.o
 .debug_info    0x00007c0d      0x52a ..\obj\misc.o
 .debug_info    0x00008137      0xa3c ..\obj\stm32f10x_spi.o
 .debug_info    0x00008b73      0xb78 ..\obj\deca_params_init.o

.debug_abbrev   0x00000000     0x1e90
 .debug_abbrev  0x00000000      0x1c1 ..\obj\system_stm32f10x.o
 .debug_abbrev  0x000001c1      0x353 ..\obj\deca_device.o
 .debug_abbrev  0x00000514      0x279 ..\obj\deca_spi.o
 .debug_abbrev  0x0000078d      0x20f ..\obj\stm32f10x_gpio.o
 .debug_abbrev  0x0000099c       0xe6 ..\obj\main.o
 .debug_abbrev  0x00000a82      0x1f9 ..\obj\stm32f10x_rcc.o
 .debug_abbrev  0x00000c7b       0x12 ..\obj\startup_stm32f10x_cl.o
 .debug_abbrev  0x00000c8d      0x18e ..\obj\stm32f10x_exti.o
 .debug_abbrev  0x00000e1b      0x1a8 ..\obj\deca_mutex.o
 .debug_abbrev  0x00000fc3       0xce ..\obj\deca_sleep.o
 .debug_abbrev  0x00001091      0x1ca ..\obj\stm32f10x_flash.o
 .debug_abbrev  0x0000125b       0xfd ..\obj\stm32f10x_it.o
 .debug_abbrev  0x00001358      0x3bb ..\obj\port.o
 .debug_abbrev  0x00001713      0x241 ..\obj\lcd.o
 .debug_abbrev  0x00001954      0x1a7 ..\obj\misc.o
 .debug_abbrev  0x00001afb      0x1d5 ..\obj\stm32f10x_spi.o
 .debug_abbrev  0x00001cd0      0x1c0 ..\obj\deca_params_init.o

.debug_aranges  0x00000000      0xa58
 .debug_aranges
                0x00000000       0x38 ..\obj\system_stm32f10x.o
 .debug_aranges
                0x00000038      0x358 ..\obj\deca_device.o
 .debug_aranges
                0x00000390       0x38 ..\obj\deca_spi.o
 .debug_aranges
                0x000003c8       0xa8 ..\obj\stm32f10x_gpio.o
 .debug_aranges
                0x00000470       0x20 ..\obj\main.o
 .debug_aranges
                0x00000490      0x160 ..\obj\stm32f10x_rcc.o
 .debug_aranges
                0x000005f0       0x28 ..\obj\startup_stm32f10x_cl.o
 .debug_aranges
                0x00000618       0x58 ..\obj\stm32f10x_exti.o
 .debug_aranges
                0x00000670       0x38 ..\obj\deca_mutex.o
 .debug_aranges
                0x000006a8       0x28 ..\obj\deca_sleep.o
 .debug_aranges
                0x000006d0       0xf8 ..\obj\stm32f10x_flash.o
 .debug_aranges
                0x000007c8       0x28 ..\obj\stm32f10x_it.o
 .debug_aranges
                0x000007f0      0x118 ..\obj\port.o
 .debug_aranges
                0x00000908       0x28 ..\obj\lcd.o
 .debug_aranges
                0x00000930       0x40 ..\obj\misc.o
 .debug_aranges
                0x00000970       0xd0 ..\obj\stm32f10x_spi.o
 .debug_aranges
                0x00000a40       0x18 ..\obj\deca_params_init.o

.debug_ranges   0x00000000      0x948
 .debug_ranges  0x00000000       0x28 ..\obj\system_stm32f10x.o
 .debug_ranges  0x00000028      0x348 ..\obj\deca_device.o
 .debug_ranges  0x00000370       0x28 ..\obj\deca_spi.o
 .debug_ranges  0x00000398       0x98 ..\obj\stm32f10x_gpio.o
 .debug_ranges  0x00000430       0x10 ..\obj\main.o
 .debug_ranges  0x00000440      0x150 ..\obj\stm32f10x_rcc.o
 .debug_ranges  0x00000590       0x20 ..\obj\startup_stm32f10x_cl.o
 .debug_ranges  0x000005b0       0x48 ..\obj\stm32f10x_exti.o
 .debug_ranges  0x000005f8       0x28 ..\obj\deca_mutex.o
 .debug_ranges  0x00000620       0x18 ..\obj\deca_sleep.o
 .debug_ranges  0x00000638       0xe8 ..\obj\stm32f10x_flash.o
 .debug_ranges  0x00000720       0x18 ..\obj\stm32f10x_it.o
 .debug_ranges  0x00000738      0x108 ..\obj\port.o
 .debug_ranges  0x00000840       0x18 ..\obj\lcd.o
 .debug_ranges  0x00000858       0x30 ..\obj\misc.o
 .debug_ranges  0x00000888       0xc0 ..\obj\stm32f10x_spi.o

.debug_line     0x00000000     0x6819
 .debug_line    0x00000000      0x3f0 ..\obj\system_stm32f10x.o
 .debug_line    0x000003f0     0x186b ..\obj\deca_device.o
 .debug_line    0x00001c5b      0x4bf ..\obj\deca_spi.o
 .debug_line    0x0000211a      0x70f ..\obj\stm32f10x_gpio.o
 .debug_line    0x00002829      0x38d ..\obj\main.o
 .debug_line    0x00002bb6      0xa1f ..\obj\stm32f10x_rcc.o
 .debug_line    0x000035d5      0x10a ..\obj\startup_stm32f10x_cl.o
 .debug_line    0x000036df      0x4c6 ..\obj\stm32f10x_exti.o
 .debug_line    0x00003ba5      0x381 ..\obj\deca_mutex.o
 .debug_line    0x00003f26      0x2ad ..\obj\deca_sleep.o
 .debug_line    0x000041d3      0x8c4 ..\obj\stm32f10x_flash.o
 .debug_line    0x00004a97      0x2b6 ..\obj\stm32f10x_it.o
 .debug_line    0x00004d4d      0x975 ..\obj\port.o
 .debug_line    0x000056c2      0x3f1 ..\obj\lcd.o
 .debug_line    0x00005ab3      0x41d ..\obj\misc.o
 .debug_line    0x00005ed0      0x798 ..\obj\stm32f10x_spi.o
 .debug_line    0x00006668      0x1b1 ..\obj\deca_params_init.o

.debug_str      0x00000000     0x382a
 .debug_str     0x00000000      0x3b4 ..\obj\system_stm32f10x.o
                                0x420 (size before relaxing)
 .debug_str     0x000003b4     0x1248 ..\obj\deca_device.o
                               0x1507 (size before relaxing)
 .debug_str     0x000015fc      0x1ac ..\obj\deca_spi.o
                                0x7c3 (size before relaxing)
 .debug_str     0x000017a8      0x3e5 ..\obj\stm32f10x_gpio.o
                                0x622 (size before relaxing)
 .debug_str     0x00001b8d       0x95 ..\obj\main.o
                                0x322 (size before relaxing)
 .debug_str     0x00001c22      0x545 ..\obj\stm32f10x_rcc.o
                                0x86b (size before relaxing)
 .debug_str     0x00002167       0xba ..\obj\startup_stm32f10x_cl.o
                                0x145 (size before relaxing)
 .debug_str     0x00002221      0x228 ..\obj\stm32f10x_exti.o
                                0x452 (size before relaxing)
 .debug_str     0x00002449      0x497 ..\obj\deca_mutex.o
                                0x6f5 (size before relaxing)
 .debug_str     0x000028e0       0x90 ..\obj\deca_sleep.o
                                0x295 (size before relaxing)
 .debug_str     0x00002970      0x45d ..\obj\stm32f10x_flash.o
                                0x6f1 (size before relaxing)
 .debug_str     0x00002dcd       0xa5 ..\obj\stm32f10x_it.o
                                0x2d5 (size before relaxing)
 .debug_str     0x00002e72      0x435 ..\obj\port.o
                                0xe4e (size before relaxing)
 .debug_str     0x000032a7       0x99 ..\obj\lcd.o
                                0x775 (size before relaxing)
 .debug_str     0x00003340      0x15a ..\obj\misc.o
                                0x4c1 (size before relaxing)
 .debug_str     0x0000349a      0x314 ..\obj\stm32f10x_spi.o
                                0x753 (size before relaxing)
 .debug_str     0x000037ae       0x7c ..\obj\deca_params_init.o
                                0x6d2 (size before relaxing)

.comment        0x00000000       0x79
 .comment       0x00000000       0x79 ..\obj\system_stm32f10x.o
                                 0x7a (size before relaxing)
 .comment       0x00000079       0x7a ..\obj\deca_device.o
 .comment       0x00000079       0x7a ..\obj\deca_spi.o
 .comment       0x00000079       0x7a ..\obj\stm32f10x_gpio.o
 .comment       0x00000079       0x7a ..\obj\main.o
 .comment       0x00000079       0x7a ..\obj\stm32f10x_rcc.o
 .comment       0x00000079       0x7a ..\obj\stm32f10x_exti.o
 .comment       0x00000079       0x7a ..\obj\deca_mutex.o
 .comment       0x00000079       0x7a ..\obj\deca_sleep.o
 .comment       0x00000079       0x7a ..\obj\stm32f10x_flash.o
 .comment       0x00000079       0x7a ..\obj\stm32f10x_it.o
 .comment       0x00000079       0x7a ..\obj\port.o
 .comment       0x00000079       0x7a ..\obj\lcd.o
 .comment       0x00000079       0x7a ..\obj\misc.o
 .comment       0x00000079       0x7a ..\obj\stm32f10x_spi.o
 .comment       0x00000079       0x7a ..\obj\deca_params_init.o

.debug_frame    0x00000000     0x28b0
 .debug_frame   0x00000000       0x98 ..\obj\system_stm32f10x.o
 .debug_frame   0x00000098      0xe40 ..\obj\deca_device.o
 .debug_frame   0x00000ed8       0x8c ..\obj\deca_spi.o
 .debug_frame   0x00000f64      0x2d0 ..\obj\stm32f10x_gpio.o
 .debug_frame   0x00001234       0x2c ..\obj\main.o
 .debug_frame   0x00001260      0x65c ..\obj\stm32f10x_rcc.o
 .debug_frame   0x000018bc      0x148 ..\obj\stm32f10x_exti.o
 .debug_frame   0x00001a04       0xa8 ..\obj\deca_mutex.o
 .debug_frame   0x00001aac       0x58 ..\obj\deca_sleep.o
 .debug_frame   0x00001b04      0x410 ..\obj\stm32f10x_flash.o
 .debug_frame   0x00001f14       0x4c ..\obj\stm32f10x_it.o
 .debug_frame   0x00001f60      0x460 ..\obj\port.o
 .debug_frame   0x000023c0       0x58 ..\obj\lcd.o
 .debug_frame   0x00002418       0xd8 ..\obj\misc.o
 .debug_frame   0x000024f0      0x3a0 ..\obj\stm32f10x_spi.o
 .debug_frame   0x00002890       0x20 d:/gcc-arm/gcc/9 2019-q4-major/bin/../lib/gcc/arm-none-eabi/9.2.1/../../../../arm-none-eabi/lib/thumb/v7-m/nofp\libc.a(lib_a-strlen-stub.o)
