Component: ARM Compiler 5.06 update 6 (build 750) Tool: armlink [4d35ed]

==============================================================================

Section Cross References

    main.o(i.main) refers to port.o(i.peripherals_init) for peripherals_init
    main.o(i.main) refers to timer.o(i.TIM2_Int_Init) for TIM2_Int_Init
    main.o(i.main) refers to usart.o(i.uart_init) for uart_init
    main.o(i.main) refers to led.o(i.GPIO_Configuration) for GPIO_Configuration
    main.o(i.main) refers to port.o(i.SPI_Configuration) for SPI_Configuration
    main.o(i.main) refers to deca_sleep.o(i.deca_sleep) for deca_sleep
    main.o(i.main) refers to device_info.o(i.Flash_Configuration) for Flash_Configuration
    main.o(i.main) refers to hw_config.o(i.USB_Config) for USB_Config
    main.o(i.main) refers to dma.o(i.SPI1_TX_DMA_Configuration) for SPI1_TX_DMA_Configuration
    main.o(i.main) refers to dma.o(i.SPI1_RX_DMA_Configuration) for SPI1_RX_DMA_Configuration
    main.o(i.main) refers to stm32f10x_spi.o(i.SPI_I2S_DMACmd) for SPI_I2S_DMACmd
    main.o(i.main) refers to printf6.o(i.__0sprintf$6) for __2sprintf
    main.o(i.main) refers to hw_config.o(i.USB_TxWrite) for USB_TxWrite
    main.o(i.main) refers to led.o(i.led_on) for led_on
    main.o(i.main) refers to led.o(i.led_off) for led_off
    main.o(i.main) refers to lcd.o(i.lcd_display_str) for lcd_display_str
    main.o(i.main) refers to port.o(i.reset_DW1000) for reset_DW1000
    main.o(i.main) refers to port.o(i.spi_set_rate_low) for spi_set_rate_low
    main.o(i.main) refers to deca_device.o(i.dwt_initialise) for dwt_initialise
    main.o(i.main) refers to port.o(i.spi_set_rate_high) for spi_set_rate_high
    main.o(i.main) refers to deca_device.o(i.dwt_configure) for dwt_configure
    main.o(i.main) refers to deca_device.o(i.dwt_setleds) for dwt_setleds
    main.o(i.main) refers to deca_device.o(i.dwt_setdblrxbuffmode) for dwt_setdblrxbuffmode
    main.o(i.main) refers to deca_device.o(i.dwt_setautorxreenable) for dwt_setautorxreenable
    main.o(i.main) refers to deca_device.o(i.dwt_setrxtimeout) for dwt_setrxtimeout
    main.o(i.main) refers to deca_device.o(i.dwt_rxenable) for dwt_rxenable
    main.o(i.main) refers to stm32f10x_tim.o(i.TIM_Cmd) for TIM_Cmd
    main.o(i.main) refers to deca_device.o(i.dwt_read32bitoffsetreg) for dwt_read32bitoffsetreg
    main.o(i.main) refers to memcpya.o(.text) for __aeabi_memcpy
    main.o(i.main) refers to deca_device.o(i.dwt_readrxdata) for dwt_readrxdata
    main.o(i.main) refers to pin_out.o(i.pin1_toggle) for pin1_toggle
    main.o(i.main) refers to deca_device.o(i.dwt_checkoverrun) for dwt_checkoverrun
    main.o(i.main) refers to deca_device.o(i.dwt_writetodevice) for dwt_writetodevice
    main.o(i.main) refers to deca_device.o(i.dwt_forcetrxoff) for dwt_forcetrxoff
    main.o(i.main) refers to deca_device.o(i.dwt_rxreset) for dwt_rxreset
    main.o(i.main) refers to deca_device.o(i.dwt_write16bitoffsetreg) for dwt_write16bitoffsetreg
    main.o(i.main) refers to deca_device.o(i.dwt_write32bitoffsetreg) for dwt_write32bitoffsetreg
    main.o(i.main) refers to main.o(.bss) for tx_msg
    main.o(i.main) refers to main.o(.conststring) for .conststring
    main.o(i.main) refers to main.o(.data) for USB_TxBuff_len
    main.o(i.main) refers to device_info.o(.data) for device_status
    main.o(i.main) refers to device_info.o(.bss) for FLAH_BUFF0
    main.o(i.main) refers to deca_spi.o(.data) for read_dma_flag
    main.o(i.main) refers to stm32f10x_it.o(.data) for Dw_conter_time
    stm32f10x_it.o(i.DMA1_Channel2_IRQHandler) refers to stm32f10x_dma.o(i.DMA_ITConfig) for DMA_ITConfig
    stm32f10x_it.o(i.DMA1_Channel2_IRQHandler) refers to stm32f10x_dma.o(i.DMA_ClearFlag) for DMA_ClearFlag
    stm32f10x_it.o(i.DMA1_Channel2_IRQHandler) refers to stm32f10x_dma.o(i.DMA_GetITStatus) for DMA_GetITStatus
    stm32f10x_it.o(i.DMA1_Channel2_IRQHandler) refers to stm32f10x_dma.o(i.DMA_ClearITPendingBit) for DMA_ClearITPendingBit
    stm32f10x_it.o(i.DMA1_Channel2_IRQHandler) refers to deca_spi.o(.data) for read_dma_flag
    stm32f10x_it.o(i.DMA1_Channel3_IRQHandler) refers to stm32f10x_dma.o(i.DMA_ITConfig) for DMA_ITConfig
    stm32f10x_it.o(i.DMA1_Channel3_IRQHandler) refers to stm32f10x_dma.o(i.DMA_ClearFlag) for DMA_ClearFlag
    stm32f10x_it.o(i.DMA1_Channel3_IRQHandler) refers to stm32f10x_dma.o(i.DMA_GetFlagStatus) for DMA_GetFlagStatus
    stm32f10x_it.o(i.DMA1_Channel3_IRQHandler) refers to stm32f10x_dma.o(i.DMA_ClearITPendingBit) for DMA_ClearITPendingBit
    stm32f10x_it.o(i.DMA1_Channel3_IRQHandler) refers to deca_spi.o(.data) for write_dma_flag
    stm32f10x_it.o(i.SysTick_Handler) refers to stm32f10x_it.o(.data) for time32_incr
    stm32f10x_it.o(i.TIM2_IRQHandler) refers to stm32f10x_tim.o(i.TIM_GetITStatus) for TIM_GetITStatus
    stm32f10x_it.o(i.TIM2_IRQHandler) refers to stm32f10x_tim.o(i.TIM_ClearITPendingBit) for TIM_ClearITPendingBit
[...]
    i.USART_Init                             0x08002fb4   Section        0  stm32f10x_usart.o(i.USART_Init)
    i.USART_ReceiveData                      0x0800308c   Section        0  stm32f10x_usart.o(i.USART_ReceiveData)
    i.USBWakeUp_IRQHandler                   0x08003096   Section        0  usb_it.o(i.USBWakeUp_IRQHandler)
    i.USB_Cable_Config                       0x080030a4   Section        0  hw_config.o(i.USB_Cable_Config)
    i.USB_Config                             0x080030c4   Section        0  hw_config.o(i.USB_Config)
    i.USB_Init                               0x080030d8   Section        0  usb_init.o(i.USB_Init)
    i.USB_Interrupts_Config                  0x08003114   Section        0  hw_config.o(i.USB_Interrupts_Config)
    i.USB_Istr                               0x08003154   Section        0  usb_istr.o(i.USB_Istr)
    i.USB_LP_CAN1_RX0_IRQHandler             0x08003324   Section        0  usb_it.o(i.USB_LP_CAN1_RX0_IRQHandler)
    i.USB_SIL_Init                           0x0800332c   Section        0  usb_sil.o(i.USB_SIL_Init)
    i.USB_SIL_Read                           0x08003350   Section        0  usb_sil.o(i.USB_SIL_Read)
    i.USB_TxRead                             0x08003380   Section        0  hw_config.o(i.USB_TxRead)
    i.USB_TxWrite                            0x08003398   Section        0  hw_config.o(i.USB_TxWrite)
    i.UserToPMABufferCopy                    0x080033b0   Section        0  usb_mem.o(i.UserToPMABufferCopy)
    i.Virtual_Com_Port_Data_Setup            0x080033e8   Section        0  usb_prop.o(i.Virtual_Com_Port_Data_Setup)
    i.Virtual_Com_Port_GetConfigDescriptor   0x0800344c   Section        0  usb_prop.o(i.Virtual_Com_Port_GetConfigDescriptor)
    i.Virtual_Com_Port_GetDeviceDescriptor   0x08003460   Section        0  usb_prop.o(i.Virtual_Com_Port_GetDeviceDescriptor)
    i.Virtual_Com_Port_GetLineCoding         0x08003474   Section        0  usb_prop.o(i.Virtual_Com_Port_GetLineCoding)
    i.Virtual_Com_Port_GetStringDescriptor   0x08003490   Section        0  usb_prop.o(i.Virtual_Com_Port_GetStringDescriptor)
    i.Virtual_Com_Port_Get_Interface_Setting 0x080034b8   Section        0  usb_prop.o(i.Virtual_Com_Port_Get_Interface_Setting)
    i.Virtual_Com_Port_NoData_Setup          0x080034d0   Section        0  usb_prop.o(i.Virtual_Com_Port_NoData_Setup)
    i.Virtual_Com_Port_Reset                 0x080034f8   Section        0  usb_prop.o(i.Virtual_Com_Port_Reset)
    i.Virtual_Com_Port_SetConfiguration      0x080035e0   Section        0  usb_prop.o(i.Virtual_Com_Port_SetConfiguration)
    i.Virtual_Com_Port_SetDeviceAddress      0x080035f8   Section        0  usb_prop.o(i.Virtual_Com_Port_SetDeviceAddress)
    i.Virtual_Com_Port_SetLineCoding         0x08003604   Section        0  usb_prop.o(i.Virtual_Com_Port_SetLineCoding)
    i.Virtual_Com_Port_Status_In             0x08003620   Section        0  usb_prop.o(i.Virtual_Com_Port_Status_In)
    i.Virtual_Com_Port_Status_Out            0x08003634   Section        0  usb_prop.o(i.Virtual_Com_Port_Status_Out)
    i.Virtual_Com_Port_init                  0x08003638   Section        0  usb_prop.o(i.Virtual_Com_Port_init)
    i.__0sprintf$6                           0x08003660   Section        0  printf6.o(i.__0sprintf$6)
    i.__scatterload_copy                     0x08003688   Section       14  handlers.o(i.__scatterload_copy)
    i.__scatterload_null                     0x08003696   Section        2  handlers.o(i.__scatterload_null)
    i.__scatterload_zeroinit                 0x08003698   Section       14  handlers.o(i.__scatterload_zeroinit)
    i._dwt_configlde                         0x080036a6   Section        0  deca_device.o(i._dwt_configlde)
    i._dwt_enableclocks                      0x080036de   Section        0  deca_device.o(i._dwt_enableclocks)
    i._dwt_loaducodefromrom                  0x080037c2   Section        0  deca_device.o(i._dwt_loaducodefromrom)
    i._dwt_otpread                           0x080037f6   Section        0  deca_device.o(i._dwt_otpread)
    i._printf_core                           0x08003844   Section        0  printf6.o(i._printf_core)
    _printf_core                             0x08003845   Thumb Code   748  printf6.o(i._printf_core)
    i._printf_post_padding                   0x08003b34   Section        0  printf6.o(i._printf_post_padding)
    _printf_post_padding                     0x08003b35   Thumb Code    36  printf6.o(i._printf_post_padding)
    i._printf_pre_padding                    0x08003b58   Section        0  printf6.o(i._printf_pre_padding)
    _printf_pre_padding                      0x08003b59   Thumb Code    46  printf6.o(i._printf_pre_padding)
    i._sputc                                 0x08003b86   Section        0  printf6.o(i._sputc)
    _sputc                                   0x08003b87   Thumb Code    10  printf6.o(i._sputc)
    i.deca_sleep                             0x08003b90   Section        0  deca_sleep.o(i.deca_sleep)
    i.decamutexoff                           0x08003ba8   Section        0  deca_mutex.o(i.decamutexoff)
    i.decamutexon                            0x08003bc4   Section        0  deca_mutex.o(i.decamutexon)
    i.dwt_checkoverrun                       0x08003bec   Section        0  deca_device.o(i.dwt_checkoverrun)
    i.dwt_configure                          0x08003bfc   Section        0  deca_device.o(i.dwt_configure)
    i.dwt_forcetrxoff                        0x08003e44   Section        0  deca_device.o(i.dwt_forcetrxoff)
    i.dwt_initialise                         0x08003ea0   Section        0  deca_device.o(i.dwt_initialise)
    i.dwt_read16bitoffsetreg                 0x08003fb8   Section        0  deca_device.o(i.dwt_read16bitoffsetreg)
    i.dwt_read32bitoffsetreg                 0x08003fe4   Section        0  deca_device.o(i.dwt_read32bitoffsetreg)
    i.dwt_readdevid                          0x0800401c   Section        0  deca_device.o(i.dwt_readdevid)
    i.dwt_readfromdevice                     0x08004028   Section        0  deca_device.o(i.dwt_readfromdevice)
    i.dwt_readrxdata                         0x0800408c   Section        0  deca_device.o(i.dwt_readrxdata)
    i.dwt_rxenable                           0x080040e6   Section        0  deca_device.o(i.dwt_rxenable)
    i.dwt_rxreset                            0x0800413a   Section        0  deca_device.o(i.dwt_rxreset)
    i.dwt_setautorxreenable                  0x08004160   Section        0  deca_device.o(i.dwt_setautorxreenable)
    i.dwt_setdblrxbuffmode                   0x080041a0   Section        0  deca_device.o(i.dwt_setdblrxbuffmode)
    i.dwt_setleds                            0x080041dc   Section        0  deca_device.o(i.dwt_setleds)
    i.dwt_setrxtimeout                       0x080042b0   Section        0  deca_device.o(i.dwt_setrxtimeout)
    i.dwt_syncrxbufptrs                      0x0800431c   Section        0  deca_device.o(i.dwt_syncrxbufptrs)
    i.dwt_write16bitoffsetreg                0x08004354   Section        0  deca_device.o(i.dwt_write16bitoffsetreg)
    i.dwt_write32bitoffsetreg                0x0800437a   Section        0  deca_device.o(i.dwt_write32bitoffsetreg)
    i.dwt_writetodevice                      0x080043aa   Section        0  deca_device.o(i.dwt_writetodevice)
    i.dwt_xtaltrim                           0x08004412   Section        0  deca_device.o(i.dwt_xtaltrim)
    i.lcd_display_str                        0x08004446   Section        0  lcd.o(i.lcd_display_str)
    i.led_off                                0x08004448   Section        0  led.o(i.led_off)
    i.led_on                                 0x08004458   Section        0  led.o(i.led_on)
    i.main                                   0x08004468   Section        0  main.o(i.main)
    i.peripherals_init                       0x08004790   Section        0  port.o(i.peripherals_init)
    i.pin1_toggle                            0x080047a8   Section        0  pin_out.o(i.pin1_toggle)
    i.portGetTickCnt                         0x080047d0   Section        0  port.o(i.portGetTickCnt)
    i.readfromspi_dma                        0x080047dc   Section        0  deca_spi.o(i.readfromspi_dma)
    i.readfromspi_serial                     0x08004874   Section        0  deca_spi.o(i.readfromspi_serial)
    i.reset_DW1000                           0x080048f4   Section        0  port.o(i.reset_DW1000)
    i.spi_set_rate_high                      0x08004940   Section        0  port.o(i.spi_set_rate_high)
    i.spi_set_rate_low                       0x0800494a   Section        0  port.o(i.spi_set_rate_low)
    i.uart_init                              0x08004954   Section        0  usart.o(i.uart_init)
    i.writetospi_serial                      0x080049fc   Section        0  deca_spi.o(i.writetospi_serial)
    .constdata                               0x08004a78   Section      174  deca_params_init.o(.constdata)
    .constdata                               0x08004b26   Section      151  usb_desc.o(.constdata)
    .conststring                             0x08004bc0   Section      285  main.o(.conststring)
    .data                                    0x20000000   Section       69  main.o(.data)
    M_config                                 0x20000000   Data          11  main.o(.data)
    S_config                                 0x2000000b   Data          11  main.o(.data)
    status_reg                               0x20000018   Data           4  main.o(.data)
    frame_len                                0x2000001c   Data           2  main.o(.data)
    .data                                    0x20000048   Section       20  stm32f10x_it.o(.data)
    .data                                    0x2000005c   Section       20  stm32f10x_rcc.o(.data)
    APBAHBPrescTable                         0x2000005c   Data          16  stm32f10x_rcc.o(.data)
    ADCPrescTable                            0x2000006c   Data           4  stm32f10x_rcc.o(.data)
    .data                                    0x20000070   Section       20  system_stm32f10x.o(.data)
    .data                                    0x20000084   Section       16  deca_spi.o(.data)
    .data                                    0x20000094   Section        7  usart.o(.data)
    .data                                    0x2000009b   Section        7  device_info.o(.data)
    .data                                    0x200000a2   Section        8  dma.o(.data)
    .data                                    0x200000ac   Section       12  hw_config.o(.data)
    .data                                    0x200000b8   Section       38  usb_desc.o(.data)
    .data                                    0x200000e0   Section        8  usb_endp.o(.data)
    txFlg                                    0x200000e0   Data           1  usb_endp.o(.data)
    FrameCount                               0x200000e4   Data           4  usb_endp.o(.data)
    .data                                    0x200000e8   Section       68  usb_istr.o(.data)
    .data                                    0x2000012c   Section      148  usb_prop.o(.data)
    .data                                    0x200001c0   Section       12  usb_pwr.o(.data)
    .data                                    0x200001cc   Section        3  usb_core.o(.data)
    .data                                    0x200001d0   Section       20  usb_init.o(.data)
    .data                                    0x200001e4   Section        4  usb_int.o(.data)
    .bss                                     0x200001e8   Section     3469  main.o(.bss)
    tx_msg                                   0x200001e8   Data        1023  main.o(.bss)
    rx_buffer                                0x200005e7   Data        1023  main.o(.bss)
    zeros                                    0x200009e6   Data        1023  main.o(.bss)
    USB_TxBuff                               0x20000de5   Data         400  main.o(.bss)
    .bss                                     0x20000f78   Section       60  deca_device.o(.bss)
    dw1000local                              0x20000f78   Data          60  deca_device.o(.bss)
    .bss                                     0x20000fb4   Section     2046  deca_spi.o(.bss)
    tx_null                                  0x20000fb4   Data        1023  deca_spi.o(.bss)
    read_null                                0x200013b3   Data        1023  deca_spi.o(.bss)
    .bss                                     0x200017b2   Section     1024  stmflash.o(.bss)
    .bss                                     0x20001bb2   Section      400  usart.o(.bss)
    .bss                                     0x20001d42   Section       20  device_info.o(.bss)
    .bss                                     0x20001d58   Section       88  dma.o(.bss)
    .bss                                     0x20001db0   Section     2608  hw_config.o(.bss)
    m_QueueUsbComRx                          0x20001dc0   Data          16  hw_config.o(.bss)
    m_QueueUsbComTx                          0x20001dd0   Data          16  hw_config.o(.bss)
    m_UsbComRxBuf                            0x20001de0   Data        1280  hw_config.o(.bss)
    m_UsbComTxBuf                            0x200022e0   Data        1280  hw_config.o(.bss)
    .bss                                     0x200027e0   Section      128  usb_endp.o(.bss)
    txBuffter                                0x200027e0   Data          64  usb_endp.o(.bss)
    buffter                                  0x20002820   Data          64  usb_endp.o(.bss)
    .bss                                     0x20002860   Section       32  usb_pwr.o(.bss)
    .bss                                     0x20002880   Section       28  usb_init.o(.bss)
    STACK                                    0x200028a0   Section     4096  startup_stm32f10x_hd.o(STACK)

    Global Symbols

    Symbol Name                              Value     Ov Type        Size  Object(Section)

    BuildAttributes$$THM_ISAv4$P$D$K$B$S$PE$A:L22UL41UL21$X:L11$S22US41US21$IEEE1$IW$USESV6$~STKCKD$USESV7$~SHL$OTIME$ROPI$EBA8$MICROLIB$REQ8$PRES8$EABIv2 0x00000000   Number         0  anon$$obj.o ABSOLUTE
    __ARM_use_no_argv                        0x00000000   Number         0  main.o ABSOLUTE
    __use_no_errno                           0x00000000   Number         0  useno.o ABSOLUTE
    __use_no_exception_handling              0x00000000   Number         0  useno.o ABSOLUTE
    __use_no_fp                              0x00000000   Number         0  useno.o ABSOLUTE
    __use_no_heap                            0x00000000   Number         0  useno.o ABSOLUTE
    __use_no_heap_region                     0x00000000   Number         0  useno.o ABSOLUTE
    __use_no_semihosting                     0x00000000   Number         0  useno.o ABSOLUTE
    __use_no_semihosting_swi                 0x00000000   Number         0  useno.o ABSOLUTE
    __use_no_signal_handling                 0x00000000   Number         0  useno.o ABSOLUTE
    _printf_a                                0x00000000   Number         0  stubs.o ABSOLUTE
    _printf_c                                0x00000000   Number         0  stubs.o ABSOLUTE
    _printf_charcount                        0x00000000   Number         0  stubs.o ABSOLUTE
    _printf_d                                0x00000000   Number         0  stubs.o ABSOLUTE
    _printf_e                                0x00000000   Number         0  stubs.o ABSOLUTE
    _printf_f                                0x00000000   Number         0  stubs.o ABSOLUTE
    _printf_flags                            0x00000000   Number         0  stubs.o ABSOLUTE
    _printf_fp_dec                           0x00000000   Number         0  stubs.o ABSOLUTE
    _printf_fp_hex                           0x00000000   Number         0  stubs.o ABSOLUTE
    _printf_g                                0x00000000   Number         0  stubs.o ABSOLUTE
    _printf_i                                0x00000000   Number         0  stubs.o ABSOLUTE
    _printf_int_dec                          0x00000000   Number         0  stubs.o ABSOLUTE
    _printf_l                                0x00000000   Number         0  stubs.o ABSOLUTE
    _printf_lc                               0x00000000   Number         0  stubs.o ABSOLUTE
    _printf_ll                               0x00000000   Number         0  stubs.o ABSOLUTE
    _printf_lld                              0x00000000   Number         0  stubs.o ABSOLUTE
    _printf_lli                              0x00000000   Number         0  stubs.o ABSOLUTE
    _printf_llo                              0x00000000   Number         0  stubs.o ABSOLUTE
    _printf_llu                              0x00000000   Number         0  stubs.o ABSOLUTE
    _printf_llx                              0x00000000   Number         0  stubs.o ABSOLUTE
    _printf_longlong_dec                     0x00000000   Number         0  stubs.o ABSOLUTE
    _printf_longlong_hex                     0x00000000   Number         0  stubs.o ABSOLUTE
    _printf_longlong_oct                     0x00000000   Number         0  stubs.o ABSOLUTE
    _printf_ls                               0x00000000   Number         0  stubs.o ABSOLUTE
    _printf_mbtowc                           0x00000000   Number         0  stubs.o ABSOLUTE
    _printf_n                                0x00000000   Number         0  stubs.o ABSOLUTE
    _printf_o                                0x00000000   Number         0  stubs.o ABSOLUTE
    _printf_p                                0x00000000   Number         0  stubs.o ABSOLUTE
    _printf_percent                          0x00000000   Number         0  stubs.o ABSOLUTE
    _printf_pre_padding                      0x00000000   Number         0  stubs.o ABSOLUTE
    _printf_return_value                     0x00000000   Number         0  stubs.o ABSOLUTE
    _printf_s                                0x00000000   Number         0  stubs.o ABSOLUTE
    _printf_sizespec                         0x00000000   Number         0  stubs.o ABSOLUTE
    _printf_str                              0x00000000   Number         0  stubs.o ABSOLUTE
    _printf_truncate_signed                  0x00000000   Number         0  stubs.o ABSOLUTE
    _printf_truncate_unsigned                0x00000000   Number         0  stubs.o ABSOLUTE
    _printf_u                                0x00000000   Number         0  stubs.o ABSOLUTE
    _printf_wc                               0x00000000   Number         0  stubs.o ABSOLUTE
    _printf_wctomb                           0x00000000   Number         0  stubs.o ABSOLUTE
    _printf_widthprec                        0x00000000   Number         0  stubs.o ABSOLUTE
    _printf_x                                0x00000000   Number         0  stubs.o ABSOLUTE
    __cpp_initialize__aeabi_                  - Undefined Weak Reference
    __cxa_finalize                            - Undefined Weak Reference
    _clock_init                               - Undefined Weak Reference
    _microlib_exit                            - Undefined Weak Reference
    __Vectors_Size                           0x00000130   Number         0  startup_stm32f10x_hd.o ABSOLUTE
    __Vectors                                0x08000000   Data           4  startup_stm32f10x_hd.o(RESET)
    __Vectors_End                            0x08000130   Data           0  startup_stm32f10x_hd.o(RESET)
    __main                                   0x08000131   Thumb Code     0  entry.o(.ARM.Collect$$$$00000000)
    _main_stk                                0x08000131   Thumb Code     0  entry2.o(.ARM.Collect$$$$00000001)
    _main_scatterload                        0x08000135   Thumb Code     0  entry5.o(.ARM.Collect$$$$00000004)
    __main_after_scatterload                 0x08000139   Thumb Code     0  entry5.o(.ARM.Collect$$$$00000004)
    _main_clock                              0x08000139   Thumb Code     0  entry7b.o(.ARM.Collect$$$$00000008)
    _main_cpp_init                           0x08000139   Thumb Code     0  entry8b.o(.ARM.Collect$$$$0000000A)
    _main_init                               0x08000139   Thumb Code     0  entry9a.o(.ARM.Collect$$$$0000000B)
    __rt_final_cpp                           0x08000141   Thumb Code     0  entry10a.o(.ARM.Collect$$$$0000000D)
    __rt_final_exit                          0x08000141   Thumb Code     0  entry11a.o(.ARM.Collect$$$$0000000F)
    Reset_Handler                            0x08000145   Thumb Code     8  startup_stm32f10x_hd.o(.text)
    NMI_Handler                              0x0800014d   Thumb Code     2  startup_stm32f10x_hd.o(.text)
    HardFault_Handler                        0x0800014f   Thumb Code     2  startup_stm32f10x_hd.o(.text)
    MemManage_Handler                        0x08000151   Thumb Code     2  startup_stm32f10x_hd.o(.text)
    BusFault_Handler                         0x08000153   Thumb Code     2  startup_stm32f10x_hd.o(.text)
    UsageFault_Handler                       0x08000155   Thumb Code     2  startup_stm32f10x_hd.o(.text)
    SVC_Handler                              0x08000157   Thumb Code     2  startup_stm32f10x_hd.o(.text)
    DebugMon_Handler                         0x08000159   Thumb Code     2  startup_stm32f10x_hd.o(.text)
    PendSV_Handler                           0x0800015b   Thumb Code     2  startup_stm32f10x_hd.o(.text)
    ADC1_2_IRQHandler                        0x0800015f   Thumb Code     0  startup_stm32f10x_hd.o(.text)
    ADC3_IRQHandler                          0x0800015f   Thumb Code     0  startup_stm32f10x_hd.o(.text)
    CAN1_RX1_IRQHandler                      0x0800015f   Thumb Code     0  startup_stm32f10x_hd.o(.text)
    CAN1_SCE_IRQHandler                      0x0800015f   Thumb Code     0  startup_stm32f10x_hd.o(.text)
    DMA1_Channel1_IRQHandler                 0x0800015f   Thumb Code     0  startup_stm32f10x_hd.o(.text)
    DMA1_Channel4_IRQHandler                 0x0800015f   Thumb Code     0  startup_stm32f10x_hd.o(.text)
    DMA1_Channel5_IRQHandler                 0x0800015f   Thumb Code     0  startup_stm32f10x_hd.o(.text)
    DMA1_Channel6_IRQHandler                 0x0800015f   Thumb Code     0  startup_stm32f10x_hd.o(.text)
    DMA1_Channel7_IRQHandler                 0x0800015f   Thumb Code     0  startup_stm32f10x_hd.o(.text)
    DMA2_Channel1_IRQHandler                 0x0800015f   Thumb Code     0  startup_stm32f10x_hd.o(.text)
    DMA2_Channel2_IRQHandler                 0x0800015f   Thumb Code     0  startup_stm32f10x_hd.o(.text)
    DMA2_Channel3_IRQHandler                 0x0800015f   Thumb Code     0  startup_stm32f10x_hd.o(.text)
    DMA2_Channel4_5_IRQHandler               0x0800015f   Thumb Code     0  startup_stm32f10x_hd.o(.text)
    EXTI0_IRQHandler                         0x0800015f   Thumb Code     0  startup_stm32f10x_hd.o(.text)
    EXTI15_10_IRQHandler                     0x0800015f   Thumb Code     0  startup_stm32f10x_hd.o(.text)
    EXTI1_IRQHandler                         0x0800015f   Thumb Code     0  startup_stm32f10x_hd.o(.text)
    EXTI2_IRQHandler                         0x0800015f   Thumb Code     0  startup_stm32f10x_hd.o(.text)
    EXTI3_IRQHandler                         0x0800015f   Thumb Code     0  startup_stm32f10x_hd.o(.text)
    EXTI4_IRQHandler                         0x0800015f   Thumb Code     0  startup_stm32f10x_hd.o(.text)
    EXTI9_5_IRQHandler                       0x0800015f   Thumb Code     0  startup_stm32f10x_hd.o(.text)
    FLASH_IRQHandler                         0x0800015f   Thumb Code     0  startup_stm32f10x_hd.o(.text)
    FSMC_IRQHandler                          0x0800015f   Thumb Code     0  startup_stm32f10x_hd.o(.text)
    I2C1_ER_IRQHandler                       0x0800015f   Thumb Code     0  startup_stm32f10x_hd.o(.text)
    I2C1_EV_IRQHandler                       0x0800015f   Thumb Code     0  startup_stm32f10x_hd.o(.text)
    I2C2_ER_IRQHandler                       0x0800015f   Thumb Code     0  startup_stm32f10x_hd.o(.text)
    I2C2_EV_IRQHandler                       0x0800015f   Thumb Code     0  startup_stm32f10x_hd.o(.text)
    PVD_IRQHandler                           0x0800015f   Thumb Code     0  startup_stm32f10x_hd.o(.text)
    RCC_IRQHandler                           0x0800015f   Thumb Code     0  startup_stm32f10x_hd.o(.text)
    RTCAlarm_IRQHandler                      0x0800015f   Thumb Code     0  startup_stm32f10x_hd.o(.text)
    RTC_IRQHandler                           0x0800015f   Thumb Code     0  startup_stm32f10x_hd.o(.text)
    SDIO_IRQHandler                          0x0800015f   Thumb Code     0  startup_stm32f10x_hd.o(.text)
    SPI1_IRQHandler                          0x0800015f   Thumb Code     0  startup_stm32f10x_hd.o(.text)
    SPI2_IRQHandler                          0x0800015f   Thumb Code     0  startup_stm32f10x_hd.o(.text)
    SPI3_IRQHandler                          0x0800015f   Thumb Code     0  startup_stm32f10x_hd.o(.text)
    TAMPER_IRQHandler                        0x0800015f   Thumb Code     0  startup_stm32f10x_hd.o(.text)
    TIM1_BRK_IRQHandler                      0x0800015f   Thumb Code     0  startup_stm32f10x_hd.o(.text)
    TIM1_CC_IRQHandler                       0x0800015f   Thumb Code     0  startup_stm32f10x_hd.o(.text)
    TIM1_TRG_COM_IRQHandler                  0x0800015f   Thumb Code     0  startup_stm32f10x_hd.o(.text)
    TIM1_UP_IRQHandler                       0x0800015f   Thumb Code     0  startup_stm32f10x_hd.o(.text)
    TIM3_IRQHandler                          0x0800015f   Thumb Code     0  startup_stm32f10x_hd.o(.text)
    TIM4_IRQHandler                          0x0800015f   Thumb Code     0  startup_stm32f10x_hd.o(.text)
    TIM5_IRQHandler                          0x0800015f   Thumb Code     0  startup_stm32f10x_hd.o(.text)
    TIM6_IRQHandler                          0x0800015f   Thumb Code     0  startup_stm32f10x_hd.o(.text)
    TIM7_IRQHandler                          0x0800015f   Thumb Code     0  startup_stm32f10x_hd.o(.text)
    TIM8_BRK_IRQHandler                      0x0800015f   Thumb Code     0  startup_stm32f10x_hd.o(.text)
    TIM8_CC_IRQHandler                       0x0800015f   Thumb Code     0  startup_stm32f10x_hd.o(.text)
    TIM8_TRG_COM_IRQHandler                  0x0800015f   Thumb Code     0  startup_stm32f10x_hd.o(.text)
    TIM8_UP_IRQHandler                       0x0800015f   Thumb Code     0  startup_stm32f10x_hd.o(.text)
    UART4_IRQHandler                         0x0800015f   Thumb Code     0  startup_stm32f10x_hd.o(.text)
    UART5_IRQHandler                         0x0800015f   Thumb Code     0  startup_stm32f10x_hd.o(.text)
    USART2_IRQHandler                        0x0800015f   Thumb Code     0  startup_stm32f10x_hd.o(.text)
    USART3_IRQHandler                        0x0800015f   Thumb Code     0  startup_stm32f10x_hd.o(.text)
    USB_HP_CAN1_TX_IRQHandler                0x0800015f   Thumb Code     0  startup_stm32f10x_hd.o(.text)
    WWDG_IRQHandler                          0x0800015f   Thumb Code     0  startup_stm32f10x_hd.o(.text)
    __aeabi_memcpy                           0x08000169   Thumb Code    36  memcpya.o(.text)
    __aeabi_memcpy4                          0x08000169   Thumb Code     0  memcpya.o(.text)
    __aeabi_memcpy8                          0x08000169   Thumb Code     0  memcpya.o(.text)
    __aeabi_uidiv                            0x0800018d   Thumb Code     0  uidiv.o(.text)
    __aeabi_uidivmod                         0x0800018d   Thumb Code    44  uidiv.o(.text)
    __scatterload                            0x080001b9   Thumb Code    28  init.o(.text)
    __scatterload_rt2                        0x080001b9   Thumb Code     0  init.o(.text)
    __decompress                             0x080001dd   Thumb Code     0  __dczerorl2.o(.text)
    __decompress1                            0x080001dd   Thumb Code    86  __dczerorl2.o(.text)
    ByteSwap                                 0x08000233   Thumb Code    12  usb_regs.o(i.ByteSwap)
    CTR_LP                                   0x08000241   Thumb Code   616  usb_int.o(i.CTR_LP)
    ClearDTOG_RX                             0x080004c9   Thumb Code    48  usb_regs.o(i.ClearDTOG_RX)
    ClearDTOG_TX                             0x080004fd   Thumb Code    48  usb_regs.o(i.ClearDTOG_TX)
    Clear_Status_Out                         0x08000531   Thumb Code    34  usb_regs.o(i.Clear_Status_Out)
    DMA1_Channel2_IRQHandler                 0x08000559   Thumb Code    88  stm32f10x_it.o(i.DMA1_Channel2_IRQHandler)
    DMA1_Channel3_IRQHandler                 0x080005c1   Thumb Code    86  stm32f10x_it.o(i.DMA1_Channel3_IRQHandler)
    DMA_ClearFlag                            0x08000629   Thumb Code    18  stm32f10x_dma.o(i.DMA_ClearFlag)
    DMA_ClearITPendingBit                    0x08000645   Thumb Code    18  stm32f10x_dma.o(i.DMA_ClearITPendingBit)
    DMA_Cmd                                  0x08000661   Thumb Code    24  stm32f10x_dma.o(i.DMA_Cmd)
    DMA_DeInit                               0x08000679   Thumb Code   324  stm32f10x_dma.o(i.DMA_DeInit)
    DMA_GetFlagStatus                        0x080007c5   Thumb Code    36  stm32f10x_dma.o(i.DMA_GetFlagStatus)
    DMA_GetITStatus                          0x080007f1   Thumb Code    36  stm32f10x_dma.o(i.DMA_GetITStatus)
    DMA_ITConfig                             0x0800081d   Thumb Code    18  stm32f10x_dma.o(i.DMA_ITConfig)
    DMA_Init                                 0x0800082f   Thumb Code    60  stm32f10x_dma.o(i.DMA_Init)
    DMA_SetCurrDataCounter                   0x0800086b   Thumb Code     4  stm32f10x_dma.o(i.DMA_SetCurrDataCounter)
    EP1_IN_Callback                          0x08000c85   Thumb Code    66  usb_endp.o(i.EP1_IN_Callback)
    EP3_OUT_Callback                         0x08000cd5   Thumb Code   106  usb_endp.o(i.EP3_OUT_Callback)
    EXTI_ClearITPendingBit                   0x08000d51   Thumb Code     6  stm32f10x_exti.o(i.EXTI_ClearITPendingBit)
    EXTI_GetITEnStatus                       0x08000d5d   Thumb Code    24  port.o(i.EXTI_GetITEnStatus)
    EXTI_Init                                0x08000d79   Thumb Code   142  stm32f10x_exti.o(i.EXTI_Init)
    FLASH_ErasePage                          0x08000e0d   Thumb Code    72  stm32f10x_flash.o(i.FLASH_ErasePage)
    FLASH_GetBank1Status                     0x08000e59   Thumb Code    48  stm32f10x_flash.o(i.FLASH_GetBank1Status)
    FLASH_Lock                               0x08000e8d   Thumb Code    14  stm32f10x_flash.o(i.FLASH_Lock)
    FLASH_PrefetchBufferCmd                  0x08000ea1   Thumb Code    22  stm32f10x_flash.o(i.FLASH_PrefetchBufferCmd)
    FLASH_ProgramHalfWord                    0x08000ebd   Thumb Code    60  stm32f10x_flash.o(i.FLASH_ProgramHalfWord)
    FLASH_SetLatency                         0x08000efd   Thumb Code    18  stm32f10x_flash.o(i.FLASH_SetLatency)
    FLASH_Unlock                             0x08000f15   Thumb Code    12  stm32f10x_flash.o(i.FLASH_Unlock)
    FLASH_WaitForLastOperation               0x08000f2d   Thumb Code    38  stm32f10x_flash.o(i.FLASH_WaitForLastOperation)
    Flash_Configuration                      0x08000f55   Thumb Code   214  device_info.o(i.Flash_Configuration)
    GPIO_Configuration                       0x08001045   Thumb Code    68  led.o(i.GPIO_Configuration)
    GPIO_EXTILineConfig                      0x08001095   Thumb Code    60  stm32f10x_gpio.o(i.GPIO_EXTILineConfig)
    GPIO_Init                                0x080010d5   Thumb Code   278  stm32f10x_gpio.o(i.GPIO_Init)
    GPIO_PinRemapConfig                      0x080011ed   Thumb Code   138  stm32f10x_gpio.o(i.GPIO_PinRemapConfig)
    GPIO_ReadOutputDataBit                   0x0800127d   Thumb Code    18  stm32f10x_gpio.o(i.GPIO_ReadOutputDataBit)
    GPIO_ResetBits                           0x0800128f   Thumb Code     4  stm32f10x_gpio.o(i.GPIO_ResetBits)
    GPIO_SetBits                             0x08001293   Thumb Code     4  stm32f10x_gpio.o(i.GPIO_SetBits)
    GPIO_WriteBit                            0x08001297   Thumb Code    10  stm32f10x_gpio.o(i.GPIO_WriteBit)
    GetEPRxAddr                              0x080012a1   Thumb Code    24  usb_regs.o(i.GetEPRxAddr)
    GetEPRxCount                             0x080012c1   Thumb Code    26  usb_regs.o(i.GetEPRxCount)
    GetEPTxAddr                              0x080012e5   Thumb Code    22  usb_regs.o(i.GetEPTxAddr)
    Get_SerialNum                            0x08001305   Thumb Code    42  hw_config.o(i.Get_SerialNum)
    In0_Process                              0x08001339   Thumb Code    98  usb_core.o(i.In0_Process)
    Leave_LowPowerMode                       0x080013e9   Thumb Code    22  hw_config.o(i.Leave_LowPowerMode)
    My_STMFLASH_Write                        0x08001409   Thumb Code    14  device_info.o(i.My_STMFLASH_Write)
    NOP_Process                              0x08001421   Thumb Code     2  usb_core.o(i.NOP_Process)
    NVIC_Configuration                       0x08001425   Thumb Code   100  port.o(i.NVIC_Configuration)
    NVIC_Init                                0x0800148d   Thumb Code   100  misc.o(i.NVIC_Init)
    NVIC_PriorityGroupConfig                 0x080014fd   Thumb Code    10  misc.o(i.NVIC_PriorityGroupConfig)
    Out0_Process                             0x08001671   Thumb Code    70  usb_core.o(i.Out0_Process)
    PMAToUserBufferCopy                      0x080016c1   Thumb Code    34  usb_mem.o(i.PMAToUserBufferCopy)
    Post0_Process                            0x080016e9   Thumb Code    54  usb_core.o(i.Post0_Process)
    PowerOn                                  0x08001731   Thumb Code    54  usb_pwr.o(i.PowerOn)
    QUEUE_PacketCreate                       0x08001771   Thumb Code    14  queue.o(i.QUEUE_PacketCreate)
    QUEUE_PacketIn                           0x0800177f   Thumb Code    60  queue.o(i.QUEUE_PacketIn)
    QUEUE_PacketOut                          0x080017bb   Thumb Code    58  queue.o(i.QUEUE_PacketOut)
    RCC_ADCCLKConfig                         0x080017f5   Thumb Code    18  stm32f10x_rcc.o(i.RCC_ADCCLKConfig)
    RCC_AHBPeriphClockCmd                    0x0800180d   Thumb Code    26  stm32f10x_rcc.o(i.RCC_AHBPeriphClockCmd)
    RCC_APB1PeriphClockCmd                   0x0800182d   Thumb Code    26  stm32f10x_rcc.o(i.RCC_APB1PeriphClockCmd)
    RCC_APB1PeriphResetCmd                   0x0800184d   Thumb Code    26  stm32f10x_rcc.o(i.RCC_APB1PeriphResetCmd)
    RCC_APB2PeriphClockCmd                   0x0800186d   Thumb Code    26  stm32f10x_rcc.o(i.RCC_APB2PeriphClockCmd)
    RCC_APB2PeriphResetCmd                   0x0800188d   Thumb Code    26  stm32f10x_rcc.o(i.RCC_APB2PeriphResetCmd)
    RCC_Configuration                        0x080018ad   Thumb Code   138  port.o(i.RCC_Configuration)
    RCC_DeInit                               0x08001939   Thumb Code    64  stm32f10x_rcc.o(i.RCC_DeInit)
    RCC_GetClocksFreq                        0x08001985   Thumb Code   192  stm32f10x_rcc.o(i.RCC_GetClocksFreq)
    RCC_GetFlagStatus                        0x08001a5d   Thumb Code    56  stm32f10x_rcc.o(i.RCC_GetFlagStatus)
    RCC_GetSYSCLKSource                      0x08001a99   Thumb Code    10  stm32f10x_rcc.o(i.RCC_GetSYSCLKSource)
    RCC_HCLKConfig                           0x08001aa9   Thumb Code    18  stm32f10x_rcc.o(i.RCC_HCLKConfig)
    RCC_HSEConfig                            0x08001ac1   Thumb Code    70  stm32f10x_rcc.o(i.RCC_HSEConfig)
    RCC_PCLK1Config                          0x08001b0d   Thumb Code    18  stm32f10x_rcc.o(i.RCC_PCLK1Config)
    RCC_PCLK2Config                          0x08001b25   Thumb Code    20  stm32f10x_rcc.o(i.RCC_PCLK2Config)
    RCC_PLLCmd                               0x08001b3d   Thumb Code     6  stm32f10x_rcc.o(i.RCC_PLLCmd)
    RCC_PLLConfig                            0x08001b49   Thumb Code    24  stm32f10x_rcc.o(i.RCC_PLLConfig)
    RCC_SYSCLKConfig                         0x08001b65   Thumb Code    18  stm32f10x_rcc.o(i.RCC_SYSCLKConfig)
    RCC_USBCLKConfig                         0x08001b7d   Thumb Code     6  stm32f10x_rcc.o(i.RCC_USBCLKConfig)
    RCC_WaitForHSEStartUp                    0x08001b89   Thumb Code    56  stm32f10x_rcc.o(i.RCC_WaitForHSEStartUp)
    Resume                                   0x08001bc1   Thumb Code   194  usb_pwr.o(i.Resume)
    Resume_Init                              0x08001c91   Thumb Code    30  usb_pwr.o(i.Resume_Init)
    SOF_Callback                             0x08001cb5   Thumb Code    84  usb_endp.o(i.SOF_Callback)
    SPI1_RX_DMA_Configuration                0x08001d19   Thumb Code   124  dma.o(i.SPI1_RX_DMA_Configuration)
    SPI1_Recive                              0x08001da5   Thumb Code    38  dma.o(i.SPI1_Recive)
    SPI1_Send                                0x08001dd1   Thumb Code    38  dma.o(i.SPI1_Send)
    SPI1_TX_DMA_Configuration                0x08001dfd   Thumb Code   124  dma.o(i.SPI1_TX_DMA_Configuration)
    SPI_ChangeRate                           0x08001e89   Thumb Code    22  port.o(i.SPI_ChangeRate)
    SPI_Cmd                                  0x08001ea5   Thumb Code    24  stm32f10x_spi.o(i.SPI_Cmd)
    SPI_Configuration                        0x08001ebd   Thumb Code   180  port.o(i.SPI_Configuration)
    SPI_I2S_DMACmd                           0x08001f79   Thumb Code    18  stm32f10x_spi.o(i.SPI_I2S_DMACmd)
    SPI_I2S_DeInit                           0x08001f8d   Thumb Code    76  stm32f10x_spi.o(i.SPI_I2S_DeInit)
    SPI_Init                                 0x08001fe5   Thumb Code    60  stm32f10x_spi.o(i.SPI_Init)
    SPI_SSOutputCmd                          0x08002021   Thumb Code    24  stm32f10x_spi.o(i.SPI_SSOutputCmd)
    STMFLASH_Read                            0x08002039   Thumb Code    34  stmflash.o(i.STMFLASH_Read)
    STMFLASH_ReadHalfWord                    0x0800205b   Thumb Code     6  stmflash.o(i.STMFLASH_ReadHalfWord)
    STMFLASH_Write                           0x08002061   Thumb Code   222  stmflash.o(i.STMFLASH_Write)
    STMFLASH_Write_NoCheck                   0x08002149   Thumb Code    38  stmflash.o(i.STMFLASH_Write_NoCheck)
    SetBTABLE                                0x08002171   Thumb Code    12  usb_regs.o(i.SetBTABLE)
    SetDeviceAddress                         0x08002181   Thumb Code    68  usb_core.o(i.SetDeviceAddress)
    SetEPRxAddr                              0x080021d1   Thumb Code    26  usb_regs.o(i.SetEPRxAddr)
    SetEPRxCount                             0x080021f5   Thumb Code    68  usb_regs.o(i.SetEPRxCount)
    SetEPRxStatus                            0x08002241   Thumb Code    60  usb_regs.o(i.SetEPRxStatus)
    SetEPRxValid                             0x08002281   Thumb Code    48  usb_regs.o(i.SetEPRxValid)
    SetEPTxAddr                              0x080022b5   Thumb Code    24  usb_regs.o(i.SetEPTxAddr)
    SetEPTxCount                             0x080022d5   Thumb Code    20  usb_regs.o(i.SetEPTxCount)
    SetEPTxStatus                            0x080022f1   Thumb Code    60  usb_regs.o(i.SetEPTxStatus)
    SetEPTxValid                             0x08002331   Thumb Code    48  usb_regs.o(i.SetEPTxValid)
    SetEPType                                0x08002365   Thumb Code    32  usb_regs.o(i.SetEPType)
    Set_System                               0x08002471   Thumb Code    92  hw_config.o(i.Set_System)
    Set_USBClock                             0x080024e5   Thumb Code    18  hw_config.o(i.Set_USBClock)
    Setup0_Process                           0x080024f9   Thumb Code   170  usb_core.o(i.Setup0_Process)
    Standard_ClearFeature                    0x080025b1   Thumb Code   342  usb_core.o(i.Standard_ClearFeature)
    Standard_GetConfiguration                0x0800271d   Thumb Code    34  usb_core.o(i.Standard_GetConfiguration)
    Standard_GetDescriptorData               0x08002749   Thumb Code    32  usb_core.o(i.Standard_GetDescriptorData)
    Standard_GetInterface                    0x0800276d   Thumb Code    34  usb_core.o(i.Standard_GetInterface)
    Standard_GetStatus                       0x08002799   Thumb Code   238  usb_core.o(i.Standard_GetStatus)
    Standard_SetConfiguration                0x08002899   Thumb Code    60  usb_core.o(i.Standard_SetConfiguration)
    Standard_SetDeviceFeature                0x080028e1   Thumb Code    30  usb_core.o(i.Standard_SetDeviceFeature)
    Standard_SetEndPointFeature              0x08002909   Thumb Code   192  usb_core.o(i.Standard_SetEndPointFeature)
    Standard_SetInterface                    0x080029d9   Thumb Code    96  usb_core.o(i.Standard_SetInterface)
    Suspend                                  0x08002a45   Thumb Code   238  usb_pwr.o(i.Suspend)
    SysTick_Configuration                    0x08002b49   Thumb Code    78  port.o(i.SysTick_Configuration)
    SysTick_Handler                          0x08002b9d   Thumb Code    12  stm32f10x_it.o(i.SysTick_Handler)
    SystemInit                               0x08002bad   Thumb Code    78  system_stm32f10x.o(i.SystemInit)
    TIM2_IRQHandler                          0x08002c0d   Thumb Code    32  stm32f10x_it.o(i.TIM2_IRQHandler)
    TIM2_Int_Init                            0x08002c31   Thumb Code   100  timer.o(i.TIM2_Int_Init)
    TIM_ClearITPendingBit                    0x08002c95   Thumb Code     6  stm32f10x_tim.o(i.TIM_ClearITPendingBit)
    TIM_Cmd                                  0x08002c9b   Thumb Code    24  stm32f10x_tim.o(i.TIM_Cmd)
    TIM_GetITStatus                          0x08002cb3   Thumb Code    34  stm32f10x_tim.o(i.TIM_GetITStatus)
    TIM_ITConfig                             0x08002cd5   Thumb Code    18  stm32f10x_tim.o(i.TIM_ITConfig)
    TIM_TimeBaseInit                         0x08002ce9   Thumb Code   122  stm32f10x_tim.o(i.TIM_TimeBaseInit)
    USART1_IRQHandler                        0x08002d8d   Thumb Code   186  usart.o(i.USART1_IRQHandler)
    USART_Cmd                                0x08002e61   Thumb Code    24  stm32f10x_usart.o(i.USART_Cmd)
    USART_DeInit                             0x08002e79   Thumb Code   134  stm32f10x_usart.o(i.USART_DeInit)
    USART_GetITStatus                        0x08002f15   Thumb Code    84  stm32f10x_usart.o(i.USART_GetITStatus)
    USART_ITConfig                           0x08002f69   Thumb Code    74  stm32f10x_usart.o(i.USART_ITConfig)
    USART_Init                               0x08002fb5   Thumb Code   210  stm32f10x_usart.o(i.USART_Init)
    USART_ReceiveData                        0x0800308d   Thumb Code    10  stm32f10x_usart.o(i.USART_ReceiveData)
    USBWakeUp_IRQHandler                     0x08003097   Thumb Code    12  usb_it.o(i.USBWakeUp_IRQHandler)
    USB_Cable_Config                         0x080030a5   Thumb Code    26  hw_config.o(i.USB_Cable_Config)
    USB_Config                               0x080030c5   Thumb Code    20  hw_config.o(i.USB_Config)
    USB_Init                                 0x080030d9   Thumb Code    36  usb_init.o(i.USB_Init)
    USB_Interrupts_Config                    0x08003115   Thumb Code    64  hw_config.o(i.USB_Interrupts_Config)
    USB_Istr                                 0x08003155   Thumb Code   426  usb_istr.o(i.USB_Istr)
    USB_LP_CAN1_RX0_IRQHandler               0x08003325   Thumb Code     8  usb_it.o(i.USB_LP_CAN1_RX0_IRQHandler)
    USB_SIL_Init                             0x0800332d   Thumb Code    28  usb_sil.o(i.USB_SIL_Init)
    USB_SIL_Read                             0x08003351   Thumb Code    46  usb_sil.o(i.USB_SIL_Read)
    USB_TxRead                               0x08003381   Thumb Code    18  hw_config.o(i.USB_TxRead)
    USB_TxWrite                              0x08003399   Thumb Code    18  hw_config.o(i.USB_TxWrite)
    UserToPMABufferCopy                      0x080033b1   Thumb Code    52  usb_mem.o(i.UserToPMABufferCopy)
    Virtual_Com_Port_Data_Setup              0x080033e9   Thumb Code    82  usb_prop.o(i.Virtual_Com_Port_Data_Setup)
    Virtual_Com_Port_GetConfigDescriptor     0x0800344d   Thumb Code    14  usb_prop.o(i.Virtual_Com_Port_GetConfigDescriptor)
    Virtual_Com_Port_GetDeviceDescriptor     0x08003461   Thumb Code    14  usb_prop.o(i.Virtual_Com_Port_GetDeviceDescriptor)
    Virtual_Com_Port_GetLineCoding           0x08003475   Thumb Code    20  usb_prop.o(i.Virtual_Com_Port_GetLineCoding)
    Virtual_Com_Port_GetStringDescriptor     0x08003491   Thumb Code    32  usb_prop.o(i.Virtual_Com_Port_GetStringDescriptor)
    Virtual_Com_Port_Get_Interface_Setting   0x080034b9   Thumb Code    22  usb_prop.o(i.Virtual_Com_Port_Get_Interface_Setting)
    Virtual_Com_Port_NoData_Setup            0x080034d1   Thumb Code    36  usb_prop.o(i.Virtual_Com_Port_NoData_Setup)
    Virtual_Com_Port_Reset                   0x080034f9   Thumb Code   216  usb_prop.o(i.Virtual_Com_Port_Reset)
    Virtual_Com_Port_SetConfiguration        0x080035e1   Thumb Code    14  usb_prop.o(i.Virtual_Com_Port_SetConfiguration)
    Virtual_Com_Port_SetDeviceAddress        0x080035f9   Thumb Code     8  usb_prop.o(i.Virtual_Com_Port_SetDeviceAddress)
    Virtual_Com_Port_SetLineCoding           0x08003605   Thumb Code    20  usb_prop.o(i.Virtual_Com_Port_SetLineCoding)
    Virtual_Com_Port_Status_In               0x08003621   Thumb Code    16  usb_prop.o(i.Virtual_Com_Port_Status_In)
    Virtual_Com_Port_Status_Out              0x08003635   Thumb Code     2  usb_prop.o(i.Virtual_Com_Port_Status_Out)
    Virtual_Com_Port_init                    0x08003639   Thumb Code    30  usb_prop.o(i.Virtual_Com_Port_init)
    __0sprintf$6                             0x08003661   Thumb Code    34  printf6.o(i.__0sprintf$6)
    __1sprintf$6                             0x08003661   Thumb Code     0  printf6.o(i.__0sprintf$6)
    __2sprintf                               0x08003661   Thumb Code     0  printf6.o(i.__0sprintf$6)
    __scatterload_copy                       0x08003689   Thumb Code    14  handlers.o(i.__scatterload_copy)
    __scatterload_null                       0x08003697   Thumb Code     2  handlers.o(i.__scatterload_null)
    __scatterload_zeroinit                   0x08003699   Thumb Code    14  handlers.o(i.__scatterload_zeroinit)
    _dwt_configlde                           0x080036a7   Thumb Code    56  deca_device.o(i._dwt_configlde)
    _dwt_enableclocks                        0x080036df   Thumb Code   228  deca_device.o(i._dwt_enableclocks)
    _dwt_loaducodefromrom                    0x080037c3   Thumb Code    52  deca_device.o(i._dwt_loaducodefromrom)
    _dwt_otpread                             0x080037f7   Thumb Code    78  deca_device.o(i._dwt_otpread)
    deca_sleep                               0x08003b91   Thumb Code    24  deca_sleep.o(i.deca_sleep)
    decamutexoff                             0x08003ba9   Thumb Code    28  deca_mutex.o(i.decamutexoff)
    decamutexon                              0x08003bc5   Thumb Code    34  deca_mutex.o(i.decamutexon)
    dwt_checkoverrun                         0x08003bed   Thumb Code    16  deca_device.o(i.dwt_checkoverrun)
    dwt_configure                            0x08003bfd   Thumb Code   540  deca_device.o(i.dwt_configure)
    dwt_forcetrxoff                          0x08003e45   Thumb Code    84  deca_device.o(i.dwt_forcetrxoff)
    dwt_initialise                           0x08003ea1   Thumb Code   272  deca_device.o(i.dwt_initialise)
    dwt_read16bitoffsetreg                   0x08003fb9   Thumb Code    44  deca_device.o(i.dwt_read16bitoffsetreg)
    dwt_read32bitoffsetreg                   0x08003fe5   Thumb Code    56  deca_device.o(i.dwt_read32bitoffsetreg)
    dwt_readdevid                            0x0800401d   Thumb Code    12  deca_device.o(i.dwt_readdevid)
    dwt_readfromdevice                       0x08004029   Thumb Code   100  deca_device.o(i.dwt_readfromdevice)
    dwt_readrxdata                           0x0800408d   Thumb Code    90  deca_device.o(i.dwt_readrxdata)
    dwt_rxenable                             0x080040e7   Thumb Code    84  deca_device.o(i.dwt_rxenable)
    dwt_rxreset                              0x0800413b   Thumb Code    36  deca_device.o(i.dwt_rxreset)
    dwt_setautorxreenable                    0x08004161   Thumb Code    58  deca_device.o(i.dwt_setautorxreenable)
    dwt_setdblrxbuffmode                     0x080041a1   Thumb Code    54  deca_device.o(i.dwt_setdblrxbuffmode)
    dwt_setleds                              0x080041dd   Thumb Code   210  deca_device.o(i.dwt_setleds)
    dwt_setrxtimeout                         0x080042b1   Thumb Code   102  deca_device.o(i.dwt_setrxtimeout)
    dwt_syncrxbufptrs                        0x0800431d   Thumb Code    56  deca_device.o(i.dwt_syncrxbufptrs)
    dwt_write16bitoffsetreg                  0x08004355   Thumb Code    38  deca_device.o(i.dwt_write16bitoffsetreg)
    dwt_write32bitoffsetreg                  0x0800437b   Thumb Code    48  deca_device.o(i.dwt_write32bitoffsetreg)
    dwt_writetodevice                        0x080043ab   Thumb Code   104  deca_device.o(i.dwt_writetodevice)
    dwt_xtaltrim                             0x08004413   Thumb Code    52  deca_device.o(i.dwt_xtaltrim)
    lcd_display_str                          0x08004447   Thumb Code     2  lcd.o(i.lcd_display_str)
    led_off                                  0x08004449   Thumb Code    12  led.o(i.led_off)
    led_on                                   0x08004459   Thumb Code    12  led.o(i.led_on)
    main                                     0x08004469   Thumb Code   670  main.o(i.main)
    peripherals_init                         0x08004791   Thumb Code    22  port.o(i.peripherals_init)
    pin1_toggle                              0x080047a9   Thumb Code    36  pin_out.o(i.pin1_toggle)
    portGetTickCnt                           0x080047d1   Thumb Code     6  port.o(i.portGetTickCnt)
    readfromspi_dma                          0x080047dd   Thumb Code   126  deca_spi.o(i.readfromspi_dma)
    readfromspi_serial                       0x08004875   Thumb Code   118  deca_spi.o(i.readfromspi_serial)
    reset_DW1000                             0x080048f5   Thumb Code    70  port.o(i.reset_DW1000)
    spi_set_rate_high                        0x08004941   Thumb Code    10  port.o(i.spi_set_rate_high)
    spi_set_rate_low                         0x0800494b   Thumb Code    10  port.o(i.spi_set_rate_low)
    uart_init                                0x08004955   Thumb Code   160  usart.o(i.uart_init)
    writetospi_serial                        0x080049fd   Thumb Code   116  deca_spi.o(i.writetospi_serial)
    chan_idx                                 0x08004a78   Data           8  deca_params_init.o(.constdata)
    tx_config                                0x08004a80   Data          24  deca_params_init.o(.constdata)
    pll2_config                              0x08004a98   Data          30  deca_params_init.o(.constdata)
    rx_config                                0x08004ab6   Data           2  deca_params_init.o(.constdata)
    agc_config                               0x08004ab8   Data           8  deca_params_init.o(.constdata)
    dwnsSFDlen                               0x08004ac0   Data           3  deca_params_init.o(.constdata)
    sftsh                                    0x08004ac4   Data          12  deca_params_init.o(.constdata)
    dtune1                                   0x08004ad0   Data           4  deca_params_init.o(.constdata)
    digital_bb_config                        0x08004ad4   Data          32  deca_params_init.o(.constdata)
    lde_replicaCoeff                         0x08004af4   Data          50  deca_params_init.o(.constdata)
    Virtual_Com_Port_DeviceDescriptor        0x08004b26   Data          18  usb_desc.o(.constdata)
    Virtual_Com_Port_ConfigDescriptor        0x08004b38   Data          67  usb_desc.o(.constdata)
    Virtual_Com_Port_StringLangID            0x08004b7b   Data           4  usb_desc.o(.constdata)
    Virtual_Com_Port_StringVendor            0x08004b7f   Data          24  usb_desc.o(.constdata)
    Virtual_Com_Port_StringProduct           0x08004b97   Data          38  usb_desc.o(.constdata)
    Region$$Table$$Base                      0x08004ce0   Number         0  anon$$obj.o(Region$$Table)
    Region$$Table$$Limit                     0x08004d00   Number         0  anon$$obj.o(Region$$Table)
    Dw_conter                                0x20000020   Data           4  main.o(.data)
    Dw_conter0                               0x20000024   Data           4  main.o(.data)
    Message_flag1                            0x20000028   Data          17  main.o(.data)
    Message_newline                          0x20000039   Data           3  main.o(.data)
    USB_RxBuff_len                           0x2000003c   Data           4  main.o(.data)
    USB_TxBuff_len                           0x20000040   Data           4  main.o(.data)
    hsrb                                     0x20000044   Data           1  main.o(.data)
    time32_incr                              0x20000048   Data           4  stm32f10x_it.o(.data)
    Dw_conter_n                              0x2000004c   Data           8  stm32f10x_it.o(.data)
    Dw_conter_time                           0x20000054   Data           4  stm32f10x_it.o(.data)
    x_counter                                0x20000058   Data           4  stm32f10x_it.o(.data)
    SystemCoreClock                          0x20000070   Data           4  system_stm32f10x.o(.data)
    AHBPrescTable                            0x20000074   Data          16  system_stm32f10x.o(.data)
    read_dma_flag                            0x20000084   Data           4  deca_spi.o(.data)
    write_dma_flag                           0x20000088   Data           4  deca_spi.o(.data)
    read_error_flag                          0x2000008c   Data           4  deca_spi.o(.data)
    write_error_flag                         0x20000090   Data           4  deca_spi.o(.data)
    __stdout                                 0x20000094   Data           4  usart.o(.data)
    USART_RX_STA                             0x20000098   Data           2  usart.o(.data)
    len                                      0x2000009a   Data           1  usart.o(.data)
    device_status                            0x2000009b   Data           1  device_info.o(.data)
    device_id                                0x2000009c   Data           1  device_info.o(.data)
    decice_grade                             0x2000009d   Data           1  device_info.o(.data)
    device_name                              0x2000009e   Data           4  device_info.o(.data)
    NVIC_InitStructure_T                     0x200000a2   Data           4  dma.o(.data)
    NVIC_InitStructure_R                     0x200000a6   Data           4  dma.o(.data)
    HSEStartUpStatus                         0x200000ac   Data           1  hw_config.o(.data)
    EXTI_InitStructure                       0x200000b0   Data           8  hw_config.o(.data)
    Virtual_Com_Port_StringSerial            0x200000b8   Data          38  usb_desc.o(.data)
    wIstr                                    0x200000e8   Data           2  usb_istr.o(.data)
    bIntPackSOF                              0x200000ea   Data           1  usb_istr.o(.data)
    esof_counter                             0x200000ec   Data           4  usb_istr.o(.data)
    wCNTR                                    0x200000f0   Data           4  usb_istr.o(.data)
    pEpInt_IN                                0x200000f4   Data          28  usb_istr.o(.data)
    pEpInt_OUT                               0x20000110   Data          28  usb_istr.o(.data)
    Request                                  0x2000012c   Data           1  usb_prop.o(.data)
    linecoding                               0x20000130   Data           8  usb_prop.o(.data)
    Device_Table                             0x20000138   Data           2  usb_prop.o(.data)
    Device_Property                          0x2000013c   Data          48  usb_prop.o(.data)
    User_Standard_Requests                   0x2000016c   Data          36  usb_prop.o(.data)
    Device_Descriptor                        0x20000190   Data           8  usb_prop.o(.data)
    Config_Descriptor                        0x20000198   Data           8  usb_prop.o(.data)
    String_Descriptor                        0x200001a0   Data          32  usb_prop.o(.data)
    bDeviceState                             0x200001c0   Data           4  usb_pwr.o(.data)
    fSuspendEnabled                          0x200001c4   Data           1  usb_pwr.o(.data)
    ResumeS                                  0x200001c5   Data           2  usb_pwr.o(.data)
    remotewakeupon                           0x200001c8   Data           4  usb_pwr.o(.data)
    StatusInfo                               0x200001cc   Data           2  usb_core.o(.data)
    Data_Mul_MaxPacketSize                   0x200001ce   Data           1  usb_core.o(.data)
    EPindex                                  0x200001d0   Data           1  usb_init.o(.data)
    pInformation                             0x200001d4   Data           4  usb_init.o(.data)
    pProperty                                0x200001d8   Data           4  usb_init.o(.data)
    SaveState                                0x200001dc   Data           2  usb_init.o(.data)
    wInterrupt_Mask                          0x200001de   Data           2  usb_init.o(.data)
    pUser_Standard_Requests                  0x200001e0   Data           4  usb_init.o(.data)
    SaveRState                               0x200001e4   Data           2  usb_int.o(.data)
    SaveTState                               0x200001e6   Data           2  usb_int.o(.data)
    STMFLASH_BUF                             0x200017b2   Data        1024  stmflash.o(.bss)
    USART_RX_BUF                             0x20001bb2   Data         200  usart.o(.bss)
    USART_TX_BUF                             0x20001c7a   Data         200  usart.o(.bss)
    FLAH_BUFF0                               0x20001d42   Data          20  device_info.o(.bss)
    DMA_InitStructure_T                      0x20001d58   Data          44  dma.o(.bss)
    DMA_InitStructure_R                      0x20001d84   Data          44  dma.o(.bss)
    USART_InitStructure                      0x20001db0   Data          16  hw_config.o(.bss)
    EP                                       0x20002860   Data          32  usb_pwr.o(.bss)
    Device_Info                              0x20002880   Data          28  usb_init.o(.bss)
    __initial_sp                             0x200038a0   Data           0  startup_stm32f10x_hd.o(STACK)



==============================================================================

Memory Map of the image

  Image Entry point : 0x08000131

  Load Region LR_IROM1 (Base: 0x08000000, Size: 0x00004ee8, Max: 0x00040000, ABSOLUTE, COMPRESSED[0x00004dd0])

    Execution Region ER_IROM1 (Exec base: 0x08000000, Load base: 0x08000000, Size: 0x00004d00, Max: 0x00040000, ABSOLUTE)

    Exec Addr    Load Addr    Size         Type   Attr      Idx    E Section Name        Object

    0x08000000   0x08000000   0x00000130   Data   RO         3426    RESET               startup_stm32f10x_hd.o
    0x08000130   0x08000130   0x00000000   Code   RO         5361  * .ARM.Collect$$$$00000000  mc_w.l(entry.o)
    0x08000130   0x08000130   0x00000004   Code   RO         5637    .ARM.Collect$$$$00000001  mc_w.l(entry2.o)
    0x08000134   0x08000134   0x00000004   Code   RO         5640    .ARM.Collect$$$$00000004  mc_w.l(entry5.o)
    0x08000138   0x08000138   0x00000000   Code   RO         5642    .ARM.Collect$$$$00000008  mc_w.l(entry7b.o)
    0x08000138   0x08000138   0x00000000   Code   RO         5644    .ARM.Collect$$$$0000000A  mc_w.l(entry8b.o)
    0x08000138   0x08000138   0x00000008   Code   RO         5645    .ARM.Collect$$$$0000000B  mc_w.l(entry9a.o)
    0x08000140   0x08000140   0x00000000   Code   RO         5647    .ARM.Collect$$$$0000000D  mc_w.l(entry10a.o)
    0x08000140   0x08000140   0x00000000   Code   RO         5649    .ARM.Collect$$$$0000000F  mc_w.l(entry11a.o)
    0x08000140   0x08000140   0x00000004   Code   RO         5638    .ARM.Collect$$$$00002712  mc_w.l(entry2.o)
    0x08000144   0x08000144   0x00000024   Code   RO         3427    .text               startup_stm32f10x_hd.o
    0x08000168   0x08000168   0x00000024   Code   RO         5364    .text               mc_w.l(memcpya.o)
    0x0800018c   0x0800018c   0x0000002c   Code   RO         5651    .text               mc_w.l(uidiv.o)
    0x080001b8   0x080001b8   0x00000024   Code   RO         5670    .text               mc_w.l(init.o)
    0x080001dc   0x080001dc   0x00000056   Code   RO         5684    .text               mc_w.l(__dczerorl2.o)
    0x08000232   0x08000232   0x0000000c   Code   RO         4977    i.ByteSwap          usb_regs.o
    0x0800023e   0x0800023e   0x00000002   PAD
    0x08000240   0x08000240   0x00000288   Code   RO         4930    i.CTR_LP            usb_int.o
    0x080004c8   0x080004c8   0x00000034   Code   RO         4978    i.ClearDTOG_RX      usb_regs.o
    0x080004fc   0x080004fc   0x00000034   Code   RO         4979    i.ClearDTOG_TX      usb_regs.o
    0x08000530   0x08000530   0x00000028   Code   RO         4984    i.Clear_Status_Out  usb_regs.o
    0x08000558   0x08000558   0x00000068   Code   RO          174    i.DMA1_Channel2_IRQHandler  stm32f10x_it.o
    0x080005c0   0x080005c0   0x00000068   Code   RO          175    i.DMA1_Channel3_IRQHandler  stm32f10x_it.o
    0x08000628   0x08000628   0x0000001c   Code   RO         1137    i.DMA_ClearFlag     stm32f10x_dma.o
    0x08000644   0x08000644   0x0000001c   Code   RO         1138    i.DMA_ClearITPendingBit  stm32f10x_dma.o
    0x08000660   0x08000660   0x00000018   Code   RO         1139    i.DMA_Cmd           stm32f10x_dma.o
    0x08000678   0x08000678   0x0000014c   Code   RO         1140    i.DMA_DeInit        stm32f10x_dma.o
    0x080007c4   0x080007c4   0x0000002c   Code   RO         1142    i.DMA_GetFlagStatus  stm32f10x_dma.o
    0x080007f0   0x080007f0   0x0000002c   Code   RO         1143    i.DMA_GetITStatus   stm32f10x_dma.o
    0x0800081c   0x0800081c   0x00000012   Code   RO         1144    i.DMA_ITConfig      stm32f10x_dma.o
    0x0800082e   0x0800082e   0x0000003c   Code   RO         1145    i.DMA_Init          stm32f10x_dma.o
    0x0800086a   0x0800086a   0x00000004   Code   RO         1146    i.DMA_SetCurrDataCounter  stm32f10x_dma.o
    0x0800086e   0x0800086e   0x00000002   PAD
    0x08000870   0x08000870   0x000000c0   Code   RO         4787    i.DataStageIn       usb_core.o
    0x08000930   0x08000930   0x000000bc   Code   RO         4788    i.DataStageOut      usb_core.o
    0x080009ec   0x080009ec   0x00000298   Code   RO         4789    i.Data_Setup0       usb_core.o
    0x08000c84   0x08000c84   0x00000050   Code   RO         4493    i.EP1_IN_Callback   usb_endp.o
    0x08000cd4   0x08000cd4   0x0000007c   Code   RO         4494    i.EP3_OUT_Callback  usb_endp.o
    0x08000d50   0x08000d50   0x0000000c   Code   RO         1210    i.EXTI_ClearITPendingBit  stm32f10x_exti.o
    0x08000d5c   0x08000d5c   0x0000001c   Code   RO          281    i.EXTI_GetITEnStatus  port.o
    0x08000d78   0x08000d78   0x00000094   Code   RO         1215    i.EXTI_Init         stm32f10x_exti.o
    0x08000e0c   0x08000e0c   0x0000004c   Code   RO         1268    i.FLASH_ErasePage   stm32f10x_flash.o
    0x08000e58   0x08000e58   0x00000034   Code   RO         1269    i.FLASH_GetBank1Status  stm32f10x_flash.o
    0x08000e8c   0x08000e8c   0x00000014   Code   RO         1278    i.FLASH_Lock        stm32f10x_flash.o
    0x08000ea0   0x08000ea0   0x0000001c   Code   RO         1280    i.FLASH_PrefetchBufferCmd  stm32f10x_flash.o
    0x08000ebc   0x08000ebc   0x00000040   Code   RO         1281    i.FLASH_ProgramHalfWord  stm32f10x_flash.o
    0x08000efc   0x08000efc   0x00000018   Code   RO         1285    i.FLASH_SetLatency  stm32f10x_flash.o
    0x08000f14   0x08000f14   0x00000018   Code   RO         1286    i.FLASH_Unlock      stm32f10x_flash.o
    0x08000f2c   0x08000f2c   0x00000026   Code   RO         1290    i.FLASH_WaitForLastOperation  stm32f10x_flash.o
    0x08000f52   0x08000f52   0x00000002   PAD
    0x08000f54   0x08000f54   0x000000f0   Code   RO         4213    i.Flash_Configuration  device_info.o
    0x08001044   0x08001044   0x00000050   Code   RO         4089    i.GPIO_Configuration  led.o
    0x08001094   0x08001094   0x00000040   Code   RO         1560    i.GPIO_EXTILineConfig  stm32f10x_gpio.o
    0x080010d4   0x080010d4   0x00000116   Code   RO         1563    i.GPIO_Init         stm32f10x_gpio.o
    0x080011ea   0x080011ea   0x00000002   PAD
    0x080011ec   0x080011ec   0x00000090   Code   RO         1565    i.GPIO_PinRemapConfig  stm32f10x_gpio.o
    0x0800127c   0x0800127c   0x00000012   Code   RO         1569    i.GPIO_ReadOutputDataBit  stm32f10x_gpio.o
    0x0800128e   0x0800128e   0x00000004   Code   RO         1570    i.GPIO_ResetBits    stm32f10x_gpio.o
    0x08001292   0x08001292   0x00000004   Code   RO         1571    i.GPIO_SetBits      stm32f10x_gpio.o
    0x08001296   0x08001296   0x0000000a   Code   RO         1574    i.GPIO_WriteBit     stm32f10x_gpio.o
    0x080012a0   0x080012a0   0x00000020   Code   RO         4996    i.GetEPRxAddr       usb_regs.o
    0x080012c0   0x080012c0   0x00000024   Code   RO         4997    i.GetEPRxCount      usb_regs.o
    0x080012e4   0x080012e4   0x00000020   Code   RO         4999    i.GetEPTxAddr       usb_regs.o
    0x08001304   0x08001304   0x00000034   Code   RO         4343    i.Get_SerialNum     hw_config.o
    0x08001338   0x08001338   0x00000070   Code   RO         4790    i.In0_Process       usb_core.o
    0x080013a8   0x080013a8   0x0000003e   Code   RO         4344    i.IntToUnicode      hw_config.o
    0x080013e6   0x080013e6   0x00000002   PAD
    0x080013e8   0x080013e8   0x00000020   Code   RO         4345    i.Leave_LowPowerMode  hw_config.o
    0x08001408   0x08001408   0x00000018   Code   RO         4214    i.My_STMFLASH_Write  device_info.o
    0x08001420   0x08001420   0x00000002   Code   RO         4791    i.NOP_Process       usb_core.o
    0x08001422   0x08001422   0x00000002   PAD
    0x08001424   0x08001424   0x00000068   Code   RO          282    i.NVIC_Configuration  port.o
    0x0800148c   0x0800148c   0x00000070   Code   RO          408    i.NVIC_Init         misc.o
    0x080014fc   0x080014fc   0x00000014   Code   RO          409    i.NVIC_PriorityGroupConfig  misc.o
    0x08001510   0x08001510   0x00000028   Code   RO          284    i.NVIC_SetPriority  port.o
    0x08001538   0x08001538   0x00000138   Code   RO         4792    i.NoData_Setup0     usb_core.o
    0x08001670   0x08001670   0x00000050   Code   RO         4793    i.Out0_Process      usb_core.o
    0x080016c0   0x080016c0   0x00000028   Code   RO         4959    i.PMAToUserBufferCopy  usb_mem.o
    0x080016e8   0x080016e8   0x00000048   Code   RO         4794    i.Post0_Process     usb_core.o
    0x08001730   0x08001730   0x00000040   Code   RO         4661    i.PowerOn           usb_pwr.o
    0x08001770   0x08001770   0x0000000e   Code   RO         4704    i.QUEUE_PacketCreate  queue.o
    0x0800177e   0x0800177e   0x0000003c   Code   RO         4706    i.QUEUE_PacketIn    queue.o
    0x080017ba   0x080017ba   0x0000003a   Code   RO         4708    i.QUEUE_PacketOut   queue.o
    0x080017f4   0x080017f4   0x00000018   Code   RO         1977    i.RCC_ADCCLKConfig  stm32f10x_rcc.o
    0x0800180c   0x0800180c   0x00000020   Code   RO         1978    i.RCC_AHBPeriphClockCmd  stm32f10x_rcc.o
    0x0800182c   0x0800182c   0x00000020   Code   RO         1979    i.RCC_APB1PeriphClockCmd  stm32f10x_rcc.o
    0x0800184c   0x0800184c   0x00000020   Code   RO         1980    i.RCC_APB1PeriphResetCmd  stm32f10x_rcc.o
    0x0800186c   0x0800186c   0x00000020   Code   RO         1981    i.RCC_APB2PeriphClockCmd  stm32f10x_rcc.o
    0x0800188c   0x0800188c   0x00000020   Code   RO         1982    i.RCC_APB2PeriphResetCmd  stm32f10x_rcc.o
    0x080018ac   0x080018ac   0x0000008a   Code   RO          286    i.RCC_Configuration  port.o
    0x08001936   0x08001936   0x00000002   PAD
    0x08001938   0x08001938   0x0000004c   Code   RO         1988    i.RCC_DeInit        stm32f10x_rcc.o
    0x08001984   0x08001984   0x000000d8   Code   RO         1989    i.RCC_GetClocksFreq  stm32f10x_rcc.o
    0x08001a5c   0x08001a5c   0x0000003c   Code   RO         1990    i.RCC_GetFlagStatus  stm32f10x_rcc.o
    0x08001a98   0x08001a98   0x00000010   Code   RO         1992    i.RCC_GetSYSCLKSource  stm32f10x_rcc.o
    0x08001aa8   0x08001aa8   0x00000018   Code   RO         1993    i.RCC_HCLKConfig    stm32f10x_rcc.o
    0x08001ac0   0x08001ac0   0x0000004c   Code   RO         1994    i.RCC_HSEConfig     stm32f10x_rcc.o
    0x08001b0c   0x08001b0c   0x00000018   Code   RO         2000    i.RCC_PCLK1Config   stm32f10x_rcc.o
    0x08001b24   0x08001b24   0x00000018   Code   RO         2001    i.RCC_PCLK2Config   stm32f10x_rcc.o
    0x08001b3c   0x08001b3c   0x0000000c   Code   RO         2002    i.RCC_PLLCmd        stm32f10x_rcc.o
    0x08001b48   0x08001b48   0x0000001c   Code   RO         2003    i.RCC_PLLConfig     stm32f10x_rcc.o
    0x08001b64   0x08001b64   0x00000018   Code   RO         2006    i.RCC_SYSCLKConfig  stm32f10x_rcc.o
    0x08001b7c   0x08001b7c   0x0000000c   Code   RO         2007    i.RCC_USBCLKConfig  stm32f10x_rcc.o
    0x08001b88   0x08001b88   0x00000038   Code   RO         2008    i.RCC_WaitForHSEStartUp  stm32f10x_rcc.o
    0x08001bc0   0x08001bc0   0x000000d0   Code   RO         4662    i.Resume            usb_pwr.o
    0x08001c90   0x08001c90   0x00000024   Code   RO         4663    i.Resume_Init       usb_pwr.o
    0x08001cb4   0x08001cb4   0x00000064   Code   RO         4495    i.SOF_Callback      usb_endp.o
    0x08001d18   0x08001d18   0x0000008c   Code   RO         4248    i.SPI1_RX_DMA_Configuration  dma.o
    0x08001da4   0x08001da4   0x0000002c   Code   RO         4249    i.SPI1_Recive       dma.o
    0x08001dd0   0x08001dd0   0x0000002c   Code   RO         4250    i.SPI1_Send         dma.o
    0x08001dfc   0x08001dfc   0x0000008c   Code   RO         4251    i.SPI1_TX_DMA_Configuration  dma.o
    0x08001e88   0x08001e88   0x0000001c   Code   RO          287    i.SPI_ChangeRate    port.o
    0x08001ea4   0x08001ea4   0x00000018   Code   RO         2458    i.SPI_Cmd           stm32f10x_spi.o
    0x08001ebc   0x08001ebc   0x000000bc   Code   RO          289    i.SPI_Configuration  port.o
    0x08001f78   0x08001f78   0x00000012   Code   RO         2464    i.SPI_I2S_DMACmd    stm32f10x_spi.o
    0x08001f8a   0x08001f8a   0x00000002   PAD
    0x08001f8c   0x08001f8c   0x00000058   Code   RO         2465    i.SPI_I2S_DeInit    stm32f10x_spi.o
    0x08001fe4   0x08001fe4   0x0000003c   Code   RO         2471    i.SPI_Init          stm32f10x_spi.o
    0x08002020   0x08002020   0x00000018   Code   RO         2473    i.SPI_SSOutputCmd   stm32f10x_spi.o
    0x08002038   0x08002038   0x00000022   Code   RO         4119    i.STMFLASH_Read     stmflash.o
    0x0800205a   0x0800205a   0x00000006   Code   RO         4120    i.STMFLASH_ReadHalfWord  stmflash.o
    0x08002060   0x08002060   0x000000e8   Code   RO         4121    i.STMFLASH_Write    stmflash.o
    0x08002148   0x08002148   0x00000026   Code   RO         4122    i.STMFLASH_Write_NoCheck  stmflash.o
    0x0800216e   0x0800216e   0x00000002   PAD
    0x08002170   0x08002170   0x00000010   Code   RO         5007    i.SetBTABLE         usb_regs.o
    0x08002180   0x08002180   0x00000050   Code   RO         4795    i.SetDeviceAddress  usb_core.o
    0x080021d0   0x080021d0   0x00000024   Code   RO         5021    i.SetEPRxAddr       usb_regs.o
    0x080021f4   0x080021f4   0x0000004c   Code   RO         5022    i.SetEPRxCount      usb_regs.o
    0x08002240   0x08002240   0x00000040   Code   RO         5023    i.SetEPRxStatus     usb_regs.o
    0x08002280   0x08002280   0x00000034   Code   RO         5024    i.SetEPRxValid      usb_regs.o
    0x080022b4   0x080022b4   0x00000020   Code   RO         5025    i.SetEPTxAddr       usb_regs.o
    0x080022d4   0x080022d4   0x0000001c   Code   RO         5026    i.SetEPTxCount      usb_regs.o
    0x080022f0   0x080022f0   0x00000040   Code   RO         5027    i.SetEPTxStatus     usb_regs.o
    0x08002330   0x08002330   0x00000034   Code   RO         5028    i.SetEPTxValid      usb_regs.o
    0x08002364   0x08002364   0x00000024   Code   RO         5029    i.SetEPType         usb_regs.o
    0x08002388   0x08002388   0x00000008   Code   RO         3379    i.SetSysClock       system_stm32f10x.o
    0x08002390   0x08002390   0x000000e0   Code   RO         3380    i.SetSysClockTo72   system_stm32f10x.o
    0x08002470   0x08002470   0x00000074   Code   RO         4346    i.Set_System        hw_config.o
    0x080024e4   0x080024e4   0x00000012   Code   RO         4347    i.Set_USBClock      hw_config.o
    0x080024f6   0x080024f6   0x00000002   PAD
    0x080024f8   0x080024f8   0x000000b8   Code   RO         4796    i.Setup0_Process    usb_core.o
    0x080025b0   0x080025b0   0x0000016c   Code   RO         4797    i.Standard_ClearFeature  usb_core.o
    0x0800271c   0x0800271c   0x0000002c   Code   RO         4798    i.Standard_GetConfiguration  usb_core.o
    0x08002748   0x08002748   0x00000024   Code   RO         4799    i.Standard_GetDescriptorData  usb_core.o
    0x0800276c   0x0800276c   0x0000002c   Code   RO         4800    i.Standard_GetInterface  usb_core.o
    0x08002798   0x08002798   0x00000100   Code   RO         4801    i.Standard_GetStatus  usb_core.o
    0x08002898   0x08002898   0x00000048   Code   RO         4802    i.Standard_SetConfiguration  usb_core.o
    0x080028e0   0x080028e0   0x00000028   Code   RO         4803    i.Standard_SetDeviceFeature  usb_core.o
    0x08002908   0x08002908   0x000000d0   Code   RO         4804    i.Standard_SetEndPointFeature  usb_core.o
    0x080029d8   0x080029d8   0x0000006c   Code   RO         4805    i.Standard_SetInterface  usb_core.o
    0x08002a44   0x08002a44   0x00000104   Code   RO         4664    i.Suspend           usb_pwr.o
    0x08002b48   0x08002b48   0x00000054   Code   RO          290    i.SysTick_Configuration  port.o
    0x08002b9c   0x08002b9c   0x00000010   Code   RO          177    i.SysTick_Handler   stm32f10x_it.o
    0x08002bac   0x08002bac   0x00000060   Code   RO         3382    i.SystemInit        system_stm32f10x.o
    0x08002c0c   0x08002c0c   0x00000024   Code   RO          178    i.TIM2_IRQHandler   stm32f10x_it.o
    0x08002c30   0x08002c30   0x00000064   Code   RO         4282    i.TIM2_Int_Init     timer.o
    0x08002c94   0x08002c94   0x00000006   Code   RO         2608    i.TIM_ClearITPendingBit  stm32f10x_tim.o
    0x08002c9a   0x08002c9a   0x00000018   Code   RO         2613    i.TIM_Cmd           stm32f10x_tim.o
    0x08002cb2   0x08002cb2   0x00000022   Code   RO         2634    i.TIM_GetITStatus   stm32f10x_tim.o
    0x08002cd4   0x08002cd4   0x00000012   Code   RO         2638    i.TIM_ITConfig      stm32f10x_tim.o
    0x08002ce6   0x08002ce6   0x00000002   PAD
    0x08002ce8   0x08002ce8   0x000000a4   Code   RO         2684    i.TIM_TimeBaseInit  stm32f10x_tim.o
    0x08002d8c   0x08002d8c   0x000000d4   Code   RO         4152    i.USART1_IRQHandler  usart.o
    0x08002e60   0x08002e60   0x00000018   Code   RO         3149    i.USART_Cmd         stm32f10x_usart.o
    0x08002e78   0x08002e78   0x0000009c   Code   RO         3151    i.USART_DeInit      stm32f10x_usart.o
    0x08002f14   0x08002f14   0x00000054   Code   RO         3153    i.USART_GetITStatus  stm32f10x_usart.o
    0x08002f68   0x08002f68   0x0000004a   Code   RO         3155    i.USART_ITConfig    stm32f10x_usart.o
    0x08002fb2   0x08002fb2   0x00000002   PAD
    0x08002fb4   0x08002fb4   0x000000d8   Code   RO         3156    i.USART_Init        stm32f10x_usart.o
    0x0800308c   0x0800308c   0x0000000a   Code   RO         3163    i.USART_ReceiveData  stm32f10x_usart.o
    0x08003096   0x08003096   0x0000000c   Code   RO         4541    i.USBWakeUp_IRQHandler  usb_it.o
    0x080030a2   0x080030a2   0x00000002   PAD
    0x080030a4   0x080030a4   0x00000020   Code   RO         4348    i.USB_Cable_Config  hw_config.o
    0x080030c4   0x080030c4   0x00000014   Code   RO         4349    i.USB_Config        hw_config.o
    0x080030d8   0x080030d8   0x0000003c   Code   RO         4906    i.USB_Init          usb_init.o
    0x08003114   0x08003114   0x00000040   Code   RO         4350    i.USB_Interrupts_Config  hw_config.o
    0x08003154   0x08003154   0x000001d0   Code   RO         4523    i.USB_Istr          usb_istr.o
    0x08003324   0x08003324   0x00000008   Code   RO         4542    i.USB_LP_CAN1_RX0_IRQHandler  usb_it.o
    0x0800332c   0x0800332c   0x00000024   Code   RO         5337    i.USB_SIL_Init      usb_sil.o
    0x08003350   0x08003350   0x0000002e   Code   RO         5338    i.USB_SIL_Read      usb_sil.o
    0x0800337e   0x0800337e   0x00000002   PAD
    0x08003380   0x08003380   0x00000018   Code   RO         4354    i.USB_TxRead        hw_config.o
    0x08003398   0x08003398   0x00000018   Code   RO         4355    i.USB_TxWrite       hw_config.o
    0x080033b0   0x080033b0   0x00000038   Code   RO         4960    i.UserToPMABufferCopy  usb_mem.o
    0x080033e8   0x080033e8   0x00000064   Code   RO         4559    i.Virtual_Com_Port_Data_Setup  usb_prop.o
    0x0800344c   0x0800344c   0x00000014   Code   RO         4560    i.Virtual_Com_Port_GetConfigDescriptor  usb_prop.o
    0x08003460   0x08003460   0x00000014   Code   RO         4561    i.Virtual_Com_Port_GetDeviceDescriptor  usb_prop.o
    0x08003474   0x08003474   0x0000001c   Code   RO         4562    i.Virtual_Com_Port_GetLineCoding  usb_prop.o
    0x08003490   0x08003490   0x00000028   Code   RO         4563    i.Virtual_Com_Port_GetStringDescriptor  usb_prop.o
    0x080034b8   0x080034b8   0x00000016   Code   RO         4564    i.Virtual_Com_Port_Get_Interface_Setting  usb_prop.o
    0x080034ce   0x080034ce   0x00000002   PAD
    0x080034d0   0x080034d0   0x00000028   Code   RO         4565    i.Virtual_Com_Port_NoData_Setup  usb_prop.o
    0x080034f8   0x080034f8   0x000000e8   Code   RO         4566    i.Virtual_Com_Port_Reset  usb_prop.o
    0x080035e0   0x080035e0   0x00000018   Code   RO         4567    i.Virtual_Com_Port_SetConfiguration  usb_prop.o
    0x080035f8   0x080035f8   0x0000000c   Code   RO         4568    i.Virtual_Com_Port_SetDeviceAddress  usb_prop.o
    0x08003604   0x08003604   0x0000001c   Code   RO         4569    i.Virtual_Com_Port_SetLineCoding  usb_prop.o
    0x08003620   0x08003620   0x00000014   Code   RO         4570    i.Virtual_Com_Port_Status_In  usb_prop.o
    0x08003634   0x08003634   0x00000002   Code   RO         4571    i.Virtual_Com_Port_Status_Out  usb_prop.o
    0x08003636   0x08003636   0x00000002   PAD
    0x08003638   0x08003638   0x00000028   Code   RO         4572    i.Virtual_Com_Port_init  usb_prop.o
    0x08003660   0x08003660   0x00000028   Code   RO         5525    i.__0sprintf$6      mc_w.l(printf6.o)
    0x08003688   0x08003688   0x0000000e   Code   RO         5678    i.__scatterload_copy  mc_w.l(handlers.o)
    0x08003696   0x08003696   0x00000002   Code   RO         5679    i.__scatterload_null  mc_w.l(handlers.o)
    0x08003698   0x08003698   0x0000000e   Code   RO         5680    i.__scatterload_zeroinit  mc_w.l(handlers.o)
    0x080036a6   0x080036a6   0x00000038   Code   RO         3433    i._dwt_configlde    deca_device.o
    0x080036de   0x080036de   0x000000e4   Code   RO         3435    i._dwt_enableclocks  deca_device.o
    0x080037c2   0x080037c2   0x00000034   Code   RO         3436    i._dwt_loaducodefromrom  deca_device.o
    0x080037f6   0x080037f6   0x0000004e   Code   RO         3438    i._dwt_otpread      deca_device.o
    0x08003844   0x08003844   0x000002f0   Code   RO         5530    i._printf_core      mc_w.l(printf6.o)
    0x08003b34   0x08003b34   0x00000024   Code   RO         5531    i._printf_post_padding  mc_w.l(printf6.o)
    0x08003b58   0x08003b58   0x0000002e   Code   RO         5532    i._printf_pre_padding  mc_w.l(printf6.o)
    0x08003b86   0x08003b86   0x0000000a   Code   RO         5534    i._sputc            mc_w.l(printf6.o)
    0x08003b90   0x08003b90   0x00000018   Code   RO         4004    i.deca_sleep        deca_sleep.o
    0x08003ba8   0x08003ba8   0x0000001c   Code   RO         3982    i.decamutexoff      deca_mutex.o
    0x08003bc4   0x08003bc4   0x00000028   Code   RO         3983    i.decamutexon       deca_mutex.o
    0x08003bec   0x08003bec   0x00000010   Code   RO         3442    i.dwt_checkoverrun  deca_device.o
    0x08003bfc   0x08003bfc   0x00000248   Code   RO         3446    i.dwt_configure     deca_device.o
    0x08003e44   0x08003e44   0x0000005c   Code   RO         3454    i.dwt_forcetrxoff   deca_device.o
    0x08003ea0   0x08003ea0   0x00000118   Code   RO         3458    i.dwt_initialise    deca_device.o
    0x08003fb8   0x08003fb8   0x0000002c   Code   RO         3464    i.dwt_read16bitoffsetreg  deca_device.o
    0x08003fe4   0x08003fe4   0x00000038   Code   RO         3465    i.dwt_read32bitoffsetreg  deca_device.o
    0x0800401c   0x0800401c   0x0000000c   Code   RO         3467    i.dwt_readdevid     deca_device.o
    0x08004028   0x08004028   0x00000064   Code   RO         3470    i.dwt_readfromdevice  deca_device.o
    0x0800408c   0x0800408c   0x0000005a   Code   RO         3471    i.dwt_readrxdata    deca_device.o
    0x080040e6   0x080040e6   0x00000054   Code   RO         3483    i.dwt_rxenable      deca_device.o
    0x0800413a   0x0800413a   0x00000024   Code   RO         3484    i.dwt_rxreset       deca_device.o
    0x0800415e   0x0800415e   0x00000002   PAD
    0x08004160   0x08004160   0x00000040   Code   RO         3489    i.dwt_setautorxreenable  deca_device.o
    0x080041a0   0x080041a0   0x0000003c   Code   RO         3491    i.dwt_setdblrxbuffmode  deca_device.o
    0x080041dc   0x080041dc   0x000000d2   Code   RO         3495    i.dwt_setleds       deca_device.o
    0x080042ae   0x080042ae   0x00000002   PAD
    0x080042b0   0x080042b0   0x0000006c   Code   RO         3501    i.dwt_setrxtimeout  deca_device.o
    0x0800431c   0x0800431c   0x00000038   Code   RO         3507    i.dwt_syncrxbufptrs  deca_device.o
    0x08004354   0x08004354   0x00000026   Code   RO         3508    i.dwt_write16bitoffsetreg  deca_device.o
    0x0800437a   0x0800437a   0x00000030   Code   RO         3509    i.dwt_write32bitoffsetreg  deca_device.o
    0x080043aa   0x080043aa   0x00000068   Code   RO         3510    i.dwt_writetodevice  deca_device.o
    0x08004412   0x08004412   0x00000034   Code   RO         3513    i.dwt_xtaltrim      deca_device.o
    0x08004446   0x08004446   0x00000002   Code   RO         4071    i.lcd_display_str   lcd.o
    0x08004448   0x08004448   0x00000010   Code   RO         4090    i.led_off           led.o
    0x08004458   0x08004458   0x00000010   Code   RO         4091    i.led_on            led.o
    0x08004468   0x08004468   0x00000328   Code   RO            1    i.main              main.o
    0x08004790   0x08004790   0x00000016   Code   RO          292    i.peripherals_init  port.o
    0x080047a6   0x080047a6   0x00000002   PAD
    0x080047a8   0x080047a8   0x00000028   Code   RO         4297    i.pin1_toggle       pin_out.o
    0x080047d0   0x080047d0   0x0000000c   Code   RO          293    i.portGetTickCnt    port.o
    0x080047dc   0x080047dc   0x00000098   Code   RO         4018    i.readfromspi_dma   deca_spi.o
    0x08004874   0x08004874   0x00000080   Code   RO         4019    i.readfromspi_serial  deca_spi.o
    0x080048f4   0x080048f4   0x0000004c   Code   RO          294    i.reset_DW1000      port.o
    0x08004940   0x08004940   0x0000000a   Code   RO          296    i.spi_set_rate_high  port.o
    0x0800494a   0x0800494a   0x0000000a   Code   RO          297    i.spi_set_rate_low  port.o
    0x08004954   0x08004954   0x000000a8   Code   RO         4157    i.uart_init         usart.o
    0x080049fc   0x080049fc   0x0000007c   Code   RO         4021    i.writetospi_serial  deca_spi.o
    0x08004a78   0x08004a78   0x000000ae   Data   RO         3944    .constdata          deca_params_init.o
    0x08004b26   0x08004b26   0x00000097   Data   RO         4480    .constdata          usb_desc.o
    0x08004bbd   0x08004bbd   0x00000003   PAD
    0x08004bc0   0x08004bc0   0x0000011d   Data   RO            3    .conststring        main.o
    0x08004cdd   0x08004cdd   0x00000003   PAD
    0x08004ce0   0x08004ce0   0x00000020   Data   RO         5676    Region$$Table       anon$$obj.o


    Execution Region RW_IRAM1 (Exec base: 0x20000000, Load base: 0x08004d00, Size: 0x000038a0, Max: 0x0000c000, ABSOLUTE, COMPRESSED[0x000000d0])

    Exec Addr    Load Addr    Size         Type   Attr      Idx    E Section Name        Object

    0x20000000   COMPRESSED   0x00000045   Data   RW            4    .data               main.o
    0x20000045   COMPRESSED   0x00000003   PAD
    0x20000048   COMPRESSED   0x00000014   Data   RW          179    .data               stm32f10x_it.o
    0x2000005c   COMPRESSED   0x00000014   Data   RW         2009    .data               stm32f10x_rcc.o
    0x20000070   COMPRESSED   0x00000014   Data   RW         3383    .data               system_stm32f10x.o
    0x20000084   COMPRESSED   0x00000010   Data   RW         4023    .data               deca_spi.o
    0x20000094   COMPRESSED   0x00000007   Data   RW         4159    .data               usart.o
    0x2000009b   COMPRESSED   0x00000007   Data   RW         4217    .data               device_info.o
    0x200000a2   COMPRESSED   0x00000008   Data   RW         4253    .data               dma.o
    0x200000aa   COMPRESSED   0x00000002   PAD
    0x200000ac   COMPRESSED   0x0000000c   Data   RW         4357    .data               hw_config.o
    0x200000b8   COMPRESSED   0x00000026   Data   RW         4481    .data               usb_desc.o
    0x200000de   COMPRESSED   0x00000002   PAD
    0x200000e0   COMPRESSED   0x00000008   Data   RW         4497    .data               usb_endp.o
    0x200000e8   COMPRESSED   0x00000044   Data   RW         4524    .data               usb_istr.o
    0x2000012c   COMPRESSED   0x00000094   Data   RW         4573    .data               usb_prop.o
    0x200001c0   COMPRESSED   0x0000000c   Data   RW         4666    .data               usb_pwr.o
    0x200001cc   COMPRESSED   0x00000003   Data   RW         4806    .data               usb_core.o
    0x200001cf   COMPRESSED   0x00000001   PAD
    0x200001d0   COMPRESSED   0x00000014   Data   RW         4908    .data               usb_init.o
    0x200001e4   COMPRESSED   0x00000004   Data   RW         4931    .data               usb_int.o
    0x200001e8        -       0x00000d8d   Zero   RW            2    .bss                main.o
    0x20000f75   COMPRESSED   0x00000003   PAD
    0x20000f78        -       0x0000003c   Zero   RW         3514    .bss                deca_device.o
    0x20000fb4        -       0x000007fe   Zero   RW         4022    .bss                deca_spi.o
    0x200017b2        -       0x00000400   Zero   RW         4123    .bss                stmflash.o
    0x20001bb2        -       0x00000190   Zero   RW         4158    .bss                usart.o
    0x20001d42        -       0x00000014   Zero   RW         4216    .bss                device_info.o
    0x20001d56   COMPRESSED   0x00000002   PAD
    0x20001d58        -       0x00000058   Zero   RW         4252    .bss                dma.o
    0x20001db0        -       0x00000a30   Zero   RW         4356    .bss                hw_config.o
    0x200027e0        -       0x00000080   Zero   RW         4496    .bss                usb_endp.o
    0x20002860        -       0x00000020   Zero   RW         4665    .bss                usb_pwr.o
    0x20002880        -       0x0000001c   Zero   RW         4907    .bss                usb_init.o
    0x2000289c   COMPRESSED   0x00000004   PAD
    0x200028a0        -       0x00001000   Zero   RW         3424    STACK               startup_stm32f10x_hd.o


==============================================================================

Image component sizes


      Code (inc. data)   RO Data    RW Data    ZI Data      Debug   Object Name

         0          0          0          0          0         32   core_cm3.o
      2548         92          0          0         60      19342   deca_device.o
        68          6          0          0          0      16276   deca_mutex.o
         0          0        174          0          0       1753   deca_params_init.o
        24          0          0          0          0        541   deca_sleep.o
       404         44          0         16       2046       6827   deca_spi.o
       264         42          0          7         20       2132   device_info.o
       368         44          0          8         88       3062   dma.o
       444         62          0         12       2608      10883   hw_config.o
         2          0          0          0          0        450   lcd.o
       112         20          0          0          0       1336   led.o
       808        138        285         69       3469     219460   main.o
       132         22          0          0          0       1623   misc.o
        40          4          0          0          0        434   pin_out.o
       740         48          0          0          0     228584   port.o
       132          0          0          0          0       2752   queue.o
        36          8        304          0       4096        884   startup_stm32f10x_hd.o
       582         44          0          0          0       7076   stm32f10x_dma.o
       160         12          0          0          0       1593   stm32f10x_exti.o
       326         42          0          0          0       4711   stm32f10x_flash.o
       522         10          0          0          0       5893   stm32f10x_gpio.o
       260         42          0         20          0     269941   stm32f10x_it.o
       832        126          0         20          0      13786   stm32f10x_rcc.o
       214         12          0          0          0       4001   stm32f10x_spi.o
       246         42          0          0          0       3710   stm32f10x_tim.o
       564         28          0          0          0       5789   stm32f10x_usart.o
       310         10          0          0       1024       3365   stmflash.o
       328         28          0         20          0       1997   system_stm32f10x.o
       100          0          0          0          0        640   timer.o
       380         34          0          7        400      18440   usart.o
      3058        288          0          3          0      13411   usb_core.o
         0          0        151         38          0       1007   usb_desc.o
       304         48          0          8        128       2388   usb_endp.o
        60         24          0         20         28       4014   usb_init.o
       648         32          0          4          0       1588   usb_int.o
       464         38          0         68          0       1523   usb_istr.o
        20          0          0          0          0        896   usb_it.o
        96         10          0          0          0       1600   usb_mem.o
       628        102          0        148          0      11221   usb_prop.o
       568         60          0         12         32       3752   usb_pwr.o
       712        100          0          0          0       8847   usb_regs.o
        82          8          0          0          0       1298   usb_sil.o

    ----------------------------------------------------------------------
     17624       1670        952        488      14008     908858   Object Totals
         0          0         32          0          0          0   (incl. Generated)
        38          0          6          8          9          0   (incl. Padding)

    ----------------------------------------------------------------------

      Code (inc. data)   RO Data    RW Data    ZI Data      Debug   Library Member Name

        86          0          0          0          0          0   __dczerorl2.o
         0          0          0          0          0          0   entry.o
         0          0          0          0          0          0   entry10a.o
         0          0          0          0          0          0   entry11a.o
         8          4          0          0          0          0   entry2.o
         4          0          0          0          0          0   entry5.o
         0          0          0          0          0          0   entry7b.o
         0          0          0          0          0          0   entry8b.o
         8          4          0          0          0          0   entry9a.o
        30          0          0          0          0          0   handlers.o
        36          8          0          0          0         68   init.o
        36          0          0          0          0         68   memcpya.o
       884         10          0          0          0        420   printf6.o
        44          0          0          0          0         80   uidiv.o

    ----------------------------------------------------------------------
      1136         26          0          0          0        636   Library Totals
         0          0          0          0          0          0   (incl. Padding)

    ----------------------------------------------------------------------

      Code (inc. data)   RO Data    RW Data    ZI Data      Debug   Library Name

      1136         26          0          0          0        636   mc_w.l

    ----------------------------------------------------------------------
      1136         26          0          0          0        636   Library Totals

    ----------------------------------------------------------------------

==============================================================================


      Code (inc. data)   RO Data    RW Data    ZI Data      Debug   

     18760       1696        952        488      14008     898754   Grand Totals
     18760       1696        952        208      14008     898754   ELF Image Totals (compressed)
     18760       1696        952        208          0          0   ROM Totals

==============================================================================

    Total RO  Size (Code + RO Data)                19712 (  19.25kB)
    Total RW  Size (RW Data + ZI Data)             14496 (  14.16kB)
    Total ROM Size (Code + RO Data + RW Data)      19920 (  19.45kB)

==============================================================================

